<html>
<body>
<pre>
<h1>µVision Build Log</h1>
<h2>Tool Versions:</h2>
IDE-Version: µVision V5.21.1.0
Copyright (C) 2016 ARM Ltd and ARM Germany GmbH. All rights reserved.
License Information: Software Engineering Department of Computer Science, University of Oxford, LIC=----
 
Tool Versions:
Toolchain:       MDK-Lite  Version: 5.21a
Toolchain Path:  C:\Keil_v5\ARM\ARMCC\Bin
C Compiler:      Armcc.exe V5.06 update 3 (build 300)
Assembler:       Armasm.exe V5.06 update 3 (build 300)
Linker/Locator:  ArmLink.exe V5.06 update 3 (build 300)
Library Manager: ArmAr.exe V5.06 update 3 (build 300)
Hex Converter:   FromElf.exe V5.06 update 3 (build 300)
CPU DLL:         SARMCM3.DLL V5.21a
Dialog DLL:      DCM.DLL V1.13.8.0
Target DLL:      STLink\ST-LINKIII-KEIL_SWO.dll V2.0.18.0
Dialog DLL:      TCM.DLL V1.14.14.0
 
<h2>Project:</h2>
C:\Users\labuser\Desktop\ess_lab\samples\led_circle\01-STM32F4xx_Keil_CMSIS_Default_Project\project.uvprojx
Project File Date:  02/06/2019

<h2>Output:</h2>
*** Using Compiler 'V5.06 update 3 (build 300)', folder: 'C:\Keil_v5\ARM\ARMCC\Bin'
Build target 'STM32F4-Discovery'
assembling startup_stm32f40_41xxx.s...
compiling stm32f4xx_tim.c...
compiling misc.c...
compiling stm32f4xx_rcc.c...
compiling stm32f4xx_gpio.c...
compiling ess_helper.c...
compiling led_driver.c...
led_driver.h(27): warning:  #1-D: last line of file ends without a newline
  #endif
led_driver.c: 1 warning, 0 errors
compiling pwm_driver.c...
led_driver.h(27): warning:  #1-D: last line of file ends without a newline
  #endif
pwm_driver.h(28): warning:  #1-D: last line of file ends without a newline
  #endif
pwm_driver.c(85): warning:  #1-D: last line of file ends without a newline
  }
pwm_driver.c: 3 warnings, 0 errors
compiling main.c...
.\led_driver.h(27): warning:  #1-D: last line of file ends without a newline
  #endif
.\led_driver.h(27): warning:  #1-D: last line of file ends without a newline
  #endif
.\pwm_driver.h(28): warning:  #1-D: last line of file ends without a newline
  #endif
User\main.c(67): warning:  #177-D: variable "shadow" was declared but never referenced
        uint16_t shadow;
User\main.c(74): warning:  #177-D: variable "who_am_I" was declared but never referenced
        uint8_t who_am_I;
User\main.c: 5 warnings, 0 errors
compiling stm32f4xx_it.c...
compiling system_stm32f4xx.c...
linking...
Program Size: Code=2860 RO-data=424 RW-data=36 ZI-data=1060  
FromELF: creating hex file...
".\Targets\STM32F4_Discovery\project.axf" - 0 Error(s), 9 Warning(s).

<h2>Collection of Component include folders:</h2>
  C:\Users\labuser\Desktop\ess_lab\samples\led_circle\01-STM32F4xx_Keil_CMSIS_Default_Project\RTE
  C:\Keil_v5\ARM\PACK\Keil\STM32F4xx_DFP\2.9.0\Drivers\CMSIS\Device\ST\STM32F4xx\Include

<h2>Collection of Component Files used:</h2>
Build Time Elapsed:  00:00:07
</pre>
</body>
</html>
