Component: ARM Compiler 5.06 update 6 (build 750) Tool: armlink [4d35ed]

==============================================================================

Section Cross References

    startup_stm32f40_41xxx.o(RESET) refers to startup_stm32f40_41xxx.o(STACK) for __initial_sp
    startup_stm32f40_41xxx.o(RESET) refers to startup_stm32f40_41xxx.o(.text) for Reset_Handler
    startup_stm32f40_41xxx.o(RESET) refers to stm32f4xx_it.o(.text) for NMI_Handler
    startup_stm32f40_41xxx.o(RESET) refers to hw_helper.o(.text) for TIM3_IRQHandler
    startup_stm32f40_41xxx.o(.text) refers to system_stm32f4xx.o(.text) for SystemInit
    startup_stm32f40_41xxx.o(.text) refers to entry.o(.ARM.Collect$$$$00000000) for __main
    stm32f4xx_rcc.o(.text) refers to stm32f4xx_rcc.o(.data) for .data
    stm32f4xx_gpio.o(.text) refers to stm32f4xx_rcc.o(.text) for RCC_AHB1PeriphResetCmd
    stm32f4xx_tim.o(.text) refers to stm32f4xx_rcc.o(.text) for RCC_APB2PeriphResetCmd
    ess_helper.o(.text) refers to stm32f4xx_rcc.o(.text) for RCC_AHB1PeriphClockCmd
    ess_helper.o(.text) refers to stm32f4xx_gpio.o(.text) for GPIO_Init
    fancy_led.o(.text) refers to led_driver.o(.text) for led_init
    pwm_driver.o(.text) refers to led_driver.o(.text) for led_off
    pwm_driver.o(.text) refers to pwm_driver.o(.bss) for .bss
    hw_helper.o(.text) refers to stm32f4xx_rcc.o(.text) for RCC_APB2PeriphResetCmd
    hw_helper.o(.text) refers to stm32f4xx_tim.o(.text) for TIM_GetFlagStatus
    hw_helper.o(.text) refers to hw_helper.o(.data) for .data
    hw_helper.o(.text) refers to uldiv.o(.text) for __aeabi_uldivmod
    hw_helper.o(.text) refers to misc.o(.text) for NVIC_Init
    hw_helper.o(.text) refers to hw_helper.o(.bss) for .bss
    lab2.o(.text) refers to led_driver.o(.text) for led_init
    lab2.o(.text) refers to hw_helper.o(.text) for TMR_SW_DelayMSec
    lab2.o(.text) refers to pwm_driver.o(.text) for pwm_driver_init
    lab2.o(.text) refers to lab2.o(.data) for .data
    lab3.o(.text) refers to pwm_driver.o(.text) for pwm_driver2_set
    lab3.o(.text) refers to spi_driver.o(.text) for SPIAcc_Init
    lab3.o(.text) refers to led_driver.o(.text) for led_init
    lab3.o(.text) refers to acc_driver.o(.text) for acc_init
    lab3.o(.text) refers to hw_helper.o(.text) for TMR4_InitResolutionUsec
    lab3.o(.text) refers to memseta.o(.text) for __aeabi_memclr4
    lab3.o(.text) refers to ldiv.o(.text) for __aeabi_ldivmod
    lab3.o(.text) refers to printfa.o(i.__0printf) for __2printf
    lab3.o(.text) refers to lab3.o(.conststring) for .conststring
    lab3.o(.text) refers to f2d.o(.text) for __aeabi_f2d
    lab1.o(.text) refers to led_driver.o(.text) for led_init
    lab1.o(.text) refers to hw_helper.o(.text) for TMR_SW_DelayMSec
    lab1.o(.text) refers to fancy_led.o(.text) for fancy_led_init
    spi_driver.o(.text) refers to stm32f4xx_rcc.o(.text) for RCC_APB1PeriphResetCmd
    spi_driver.o(.text) refers to stm32f4xx_gpio.o(.text) for GPIO_Init
    acc_driver.o(.text) refers to spi_driver.o(.text) for SPIAcc_Init
    acc_driver.o(.text) refers to hw_helper.o(.text) for TMR_Init_ISR_ResolutionUsec
    acc_driver.o(.text) refers to memseta.o(.text) for __aeabi_memclr4
    acc_driver.o(.text) refers to ldiv.o(.text) for __aeabi_ldivmod
    acc_driver.o(.text) refers to acc_driver.o(.data) for .data
    main.o(.text) refers to lab3.o(.text) for execute_lab3
    main.o(.text) refers to system_stm32f4xx.o(.text) for SystemInit
    main.o(.text) refers to ess_helper.o(.text) for ess_helper_init
    system_stm32f4xx.o(.text) refers to system_stm32f4xx.o(.data) for .data
    entry.o(.ARM.Collect$$$$00000000) refers (Special) to entry10a.o(.ARM.Collect$$$$0000000D) for __rt_final_cpp
    entry.o(.ARM.Collect$$$$00000000) refers (Special) to entry11a.o(.ARM.Collect$$$$0000000F) for __rt_final_exit
    entry.o(.ARM.Collect$$$$00000000) refers (Special) to entry7b.o(.ARM.Collect$$$$00000008) for _main_clock
    entry.o(.ARM.Collect$$$$00000000) refers (Special) to entry8b.o(.ARM.Collect$$$$0000000A) for _main_cpp_init
    entry.o(.ARM.Collect$$$$00000000) refers (Special) to entry9a.o(.ARM.Collect$$$$0000000B) for _main_init
    entry.o(.ARM.Collect$$$$00000000) refers (Special) to entry5.o(.ARM.Collect$$$$00000004) for _main_scatterload
    entry.o(.ARM.Collect$$$$00000000) refers (Special) to entry2.o(.ARM.Collect$$$$00000001) for _main_stk
    uldiv.o(.text) refers to llushr.o(.text) for __aeabi_llsr
    uldiv.o(.text) refers to llshl.o(.text) for __aeabi_llsl
    ldiv.o(.text) refers to uldiv.o(.text) for __aeabi_uldivmod
    printfb.o(i.__0fprintf$bare) refers to printfb.o(i._printf_core) for _printf_core
    printfb.o(i.__0fprintf$bare) refers to hw_helper.o(.text) for fputc
    printfb.o(i.__0printf$bare) refers to printfb.o(i._printf_core) for _printf_core
    printfb.o(i.__0printf$bare) refers to hw_helper.o(.text) for fputc
    printfb.o(i.__0printf$bare) refers to stdout.o(.data) for __stdout
[...]
    printf0.o(i.__0vprintf$0) refers to stdout.o(.data) for __stdout
    printf0.o(i.__0vsnprintf$0) refers to printf0.o(i._printf_core) for _printf_core
    printf0.o(i.__0vsnprintf$0) refers to printf0.o(i._snputc) for _snputc
    printf0.o(i.__0vsprintf$0) refers to printf0.o(i._printf_core) for _printf_core
    printf0.o(i.__0vsprintf$0) refers to printf0.o(i._sputc) for _sputc
    printf1.o(i.__0fprintf$1) refers to printf1.o(i._printf_core) for _printf_core
    printf1.o(i.__0fprintf$1) refers to hw_helper.o(.text) for fputc
    printf1.o(i.__0printf$1) refers to printf1.o(i._printf_core) for _printf_core
    printf1.o(i.__0printf$1) refers to hw_helper.o(.text) for fputc
    printf1.o(i.__0printf$1) refers to stdout.o(.data) for __stdout
    printf1.o(i.__0snprintf$1) refers to printf1.o(i._printf_core) for _printf_core
    printf1.o(i.__0snprintf$1) refers to printf1.o(i._snputc) for _snputc
    printf1.o(i.__0sprintf$1) refers to printf1.o(i._printf_core) for _printf_core
    printf1.o(i.__0sprintf$1) refers to printf1.o(i._sputc) for _sputc
    printf1.o(i.__0vfprintf$1) refers to printf1.o(i._printf_core) for _printf_core
    printf1.o(i.__0vfprintf$1) refers to hw_helper.o(.text) for fputc
    printf1.o(i.__0vprintf$1) refers to printf1.o(i._printf_core) for _printf_core
    printf1.o(i.__0vprintf$1) refers to hw_helper.o(.text) for fputc
    printf1.o(i.__0vprintf$1) refers to stdout.o(.data) for __stdout
    printf1.o(i.__0vsnprintf$1) refers to printf1.o(i._printf_core) for _printf_core
    printf1.o(i.__0vsnprintf$1) refers to printf1.o(i._snputc) for _snputc
    printf1.o(i.__0vsprintf$1) refers to printf1.o(i._printf_core) for _printf_core
    printf1.o(i.__0vsprintf$1) refers to printf1.o(i._sputc) for _sputc
    printf1.o(i._printf_core) refers to uidiv.o(.text) for __aeabi_uidivmod
    printf2.o(i.__0fprintf$2) refers to printf2.o(i._printf_core) for _printf_core
    printf2.o(i.__0fprintf$2) refers to hw_helper.o(.text) for fputc
    printf2.o(i.__0printf$2) refers to printf2.o(i._printf_core) for _printf_core
    printf2.o(i.__0printf$2) refers to hw_helper.o(.text) for fputc
    printf2.o(i.__0printf$2) refers to stdout.o(.data) for __stdout
    printf2.o(i.__0snprintf$2) refers to printf2.o(i._printf_core) for _printf_core
    printf2.o(i.__0snprintf$2) refers to printf2.o(i._snputc) for _snputc
    printf2.o(i.__0sprintf$2) refers to printf2.o(i._printf_core) for _printf_core
    printf2.o(i.__0sprintf$2) refers to printf2.o(i._sputc) for _sputc
    printf2.o(i.__0vfprintf$2) refers to printf2.o(i._printf_core) for _printf_core
    printf2.o(i.__0vfprintf$2) refers to hw_helper.o(.text) for fputc
    printf2.o(i.__0vprintf$2) refers to printf2.o(i._printf_core) for _printf_core
    printf2.o(i.__0vprintf$2) refers to hw_helper.o(.text) for fputc
    printf2.o(i.__0vprintf$2) refers to stdout.o(.data) for __stdout
    printf2.o(i.__0vsnprintf$2) refers to printf2.o(i._printf_core) for _printf_core
    printf2.o(i.__0vsnprintf$2) refers to printf2.o(i._snputc) for _snputc
    printf2.o(i.__0vsprintf$2) refers to printf2.o(i._printf_core) for _printf_core
    printf2.o(i.__0vsprintf$2) refers to printf2.o(i._sputc) for _sputc
    printf3.o(i.__0fprintf$3) refers to printf3.o(i._printf_core) for _printf_core
    printf3.o(i.__0fprintf$3) refers to hw_helper.o(.text) for fputc
    printf3.o(i.__0printf$3) refers to printf3.o(i._printf_core) for _printf_core
    printf3.o(i.__0printf$3) refers to hw_helper.o(.text) for fputc
    printf3.o(i.__0printf$3) refers to stdout.o(.data) for __stdout
    printf3.o(i.__0snprintf$3) refers to printf3.o(i._printf_core) for _printf_core
    printf3.o(i.__0snprintf$3) refers to printf3.o(i._snputc) for _snputc
    printf3.o(i.__0sprintf$3) refers to printf3.o(i._printf_core) for _printf_core
    printf3.o(i.__0sprintf$3) refers to printf3.o(i._sputc) for _sputc
    printf3.o(i.__0vfprintf$3) refers to printf3.o(i._printf_core) for _printf_core
    printf3.o(i.__0vfprintf$3) refers to hw_helper.o(.text) for fputc
    printf3.o(i.__0vprintf$3) refers to printf3.o(i._printf_core) for _printf_core
    printf3.o(i.__0vprintf$3) refers to hw_helper.o(.text) for fputc
    printf3.o(i.__0vprintf$3) refers to stdout.o(.data) for __stdout
    printf3.o(i.__0vsnprintf$3) refers to printf3.o(i._printf_core) for _printf_core
    printf3.o(i.__0vsnprintf$3) refers to printf3.o(i._snputc) for _snputc
    printf3.o(i.__0vsprintf$3) refers to printf3.o(i._printf_core) for _printf_core
    printf3.o(i.__0vsprintf$3) refers to printf3.o(i._sputc) for _sputc
    printf3.o(i._printf_core) refers to uidiv.o(.text) for __aeabi_uidivmod
    printf4.o(i.__0fprintf$4) refers to printf4.o(i._printf_core) for _printf_core
    printf4.o(i.__0fprintf$4) refers to hw_helper.o(.text) for fputc
    printf4.o(i.__0printf$4) refers to printf4.o(i._printf_core) for _printf_core
    printf4.o(i.__0printf$4) refers to hw_helper.o(.text) for fputc
    printf4.o(i.__0printf$4) refers to stdout.o(.data) for __stdout
    printf4.o(i.__0snprintf$4) refers to printf4.o(i._printf_core) for _printf_core
    printf4.o(i.__0snprintf$4) refers to printf4.o(i._snputc) for _snputc
    printf4.o(i.__0sprintf$4) refers to printf4.o(i._printf_core) for _printf_core
    printf4.o(i.__0sprintf$4) refers to printf4.o(i._sputc) for _sputc
    printf4.o(i.__0vfprintf$4) refers to printf4.o(i._printf_core) for _printf_core
    printf4.o(i.__0vfprintf$4) refers to hw_helper.o(.text) for fputc
    printf4.o(i.__0vprintf$4) refers to printf4.o(i._printf_core) for _printf_core
    printf4.o(i.__0vprintf$4) refers to hw_helper.o(.text) for fputc
    printf4.o(i.__0vprintf$4) refers to stdout.o(.data) for __stdout
    printf4.o(i.__0vsnprintf$4) refers to printf4.o(i._printf_core) for _printf_core
    printf4.o(i.__0vsnprintf$4) refers to printf4.o(i._snputc) for _snputc
    printf4.o(i.__0vsprintf$4) refers to printf4.o(i._printf_core) for _printf_core
    printf4.o(i.__0vsprintf$4) refers to printf4.o(i._sputc) for _sputc
    printf4.o(i._printf_core) refers to uldiv.o(.text) for __aeabi_uldivmod
    printf5.o(i.__0fprintf$5) refers to printf5.o(i._printf_core) for _printf_core
    printf5.o(i.__0fprintf$5) refers to hw_helper.o(.text) for fputc
    printf5.o(i.__0printf$5) refers to printf5.o(i._printf_core) for _printf_core
    printf5.o(i.__0printf$5) refers to hw_helper.o(.text) for fputc
    printf5.o(i.__0printf$5) refers to stdout.o(.data) for __stdout
    printf5.o(i.__0snprintf$5) refers to printf5.o(i._printf_core) for _printf_core
    printf5.o(i.__0snprintf$5) refers to printf5.o(i._snputc) for _snputc
    printf5.o(i.__0sprintf$5) refers to printf5.o(i._printf_core) for _printf_core
    printf5.o(i.__0sprintf$5) refers to printf5.o(i._sputc) for _sputc
    printf5.o(i.__0vfprintf$5) refers to printf5.o(i._printf_core) for _printf_core
    printf5.o(i.__0vfprintf$5) refers to hw_helper.o(.text) for fputc
    printf5.o(i.__0vprintf$5) refers to printf5.o(i._printf_core) for _printf_core
    printf5.o(i.__0vprintf$5) refers to hw_helper.o(.text) for fputc
    printf5.o(i.__0vprintf$5) refers to stdout.o(.data) for __stdout
    printf5.o(i.__0vsnprintf$5) refers to printf5.o(i._printf_core) for _printf_core
    printf5.o(i.__0vsnprintf$5) refers to printf5.o(i._snputc) for _snputc
    printf5.o(i.__0vsprintf$5) refers to printf5.o(i._printf_core) for _printf_core
    printf5.o(i.__0vsprintf$5) refers to printf5.o(i._sputc) for _sputc
    printf5.o(i._printf_core) refers to uldiv.o(.text) for __aeabi_uldivmod
    printf6.o(i.__0fprintf$6) refers to printf6.o(i._printf_core) for _printf_core
    printf6.o(i.__0fprintf$6) refers to hw_helper.o(.text) for fputc
    printf6.o(i.__0printf$6) refers to printf6.o(i._printf_core) for _printf_core
    printf6.o(i.__0printf$6) refers to hw_helper.o(.text) for fputc
    printf6.o(i.__0printf$6) refers to stdout.o(.data) for __stdout
    printf6.o(i.__0snprintf$6) refers to printf6.o(i._printf_core) for _printf_core
    printf6.o(i.__0snprintf$6) refers to printf6.o(i._snputc) for _snputc
    printf6.o(i.__0sprintf$6) refers to printf6.o(i._printf_core) for _printf_core
    printf6.o(i.__0sprintf$6) refers to printf6.o(i._sputc) for _sputc
    printf6.o(i.__0vfprintf$6) refers to printf6.o(i._printf_core) for _printf_core
    printf6.o(i.__0vfprintf$6) refers to hw_helper.o(.text) for fputc
    printf6.o(i.__0vprintf$6) refers to printf6.o(i._printf_core) for _printf_core
    printf6.o(i.__0vprintf$6) refers to hw_helper.o(.text) for fputc
    printf6.o(i.__0vprintf$6) refers to stdout.o(.data) for __stdout
    printf6.o(i.__0vsnprintf$6) refers to printf6.o(i._printf_core) for _printf_core
    printf6.o(i.__0vsnprintf$6) refers to printf6.o(i._snputc) for _snputc
    printf6.o(i.__0vsprintf$6) refers to printf6.o(i._printf_core) for _printf_core
    printf6.o(i.__0vsprintf$6) refers to printf6.o(i._sputc) for _sputc
    printf6.o(i._printf_core) refers to printf6.o(i._printf_pre_padding) for _printf_pre_padding
    printf6.o(i._printf_core) refers to uidiv.o(.text) for __aeabi_uidivmod
    printf6.o(i._printf_core) refers to printf6.o(i._printf_post_padding) for _printf_post_padding
    printf7.o(i.__0fprintf$7) refers to printf7.o(i._printf_core) for _printf_core
    printf7.o(i.__0fprintf$7) refers to hw_helper.o(.text) for fputc
    printf7.o(i.__0printf$7) refers to printf7.o(i._printf_core) for _printf_core
    printf7.o(i.__0printf$7) refers to hw_helper.o(.text) for fputc
    printf7.o(i.__0printf$7) refers to stdout.o(.data) for __stdout
    printf7.o(i.__0snprintf$7) refers to printf7.o(i._printf_core) for _printf_core
    printf7.o(i.__0snprintf$7) refers to printf7.o(i._snputc) for _snputc
    printf7.o(i.__0sprintf$7) refers to printf7.o(i._printf_core) for _printf_core
    printf7.o(i.__0sprintf$7) refers to printf7.o(i._sputc) for _sputc
    printf7.o(i.__0vfprintf$7) refers to printf7.o(i._printf_core) for _printf_core
    printf7.o(i.__0vfprintf$7) refers to hw_helper.o(.text) for fputc
    printf7.o(i.__0vprintf$7) refers to printf7.o(i._printf_core) for _printf_core
    printf7.o(i.__0vprintf$7) refers to hw_helper.o(.text) for fputc
    printf7.o(i.__0vprintf$7) refers to stdout.o(.data) for __stdout
    printf7.o(i.__0vsnprintf$7) refers to printf7.o(i._printf_core) for _printf_core
    printf7.o(i.__0vsnprintf$7) refers to printf7.o(i._snputc) for _snputc
    printf7.o(i.__0vsprintf$7) refers to printf7.o(i._printf_core) for _printf_core
    printf7.o(i.__0vsprintf$7) refers to printf7.o(i._sputc) for _sputc
    printf7.o(i._printf_core) refers to printf7.o(i._printf_pre_padding) for _printf_pre_padding
    printf7.o(i._printf_core) refers to uldiv.o(.text) for __aeabi_uldivmod
    printf7.o(i._printf_core) refers to printf7.o(i._printf_post_padding) for _printf_post_padding
    printf8.o(i.__0fprintf$8) refers to printf8.o(i._printf_core) for _printf_core
    printf8.o(i.__0fprintf$8) refers to hw_helper.o(.text) for fputc
    printf8.o(i.__0printf$8) refers to printf8.o(i._printf_core) for _printf_core
    printf8.o(i.__0printf$8) refers to hw_helper.o(.text) for fputc
    printf8.o(i.__0printf$8) refers to stdout.o(.data) for __stdout
    printf8.o(i.__0snprintf$8) refers to printf8.o(i._printf_core) for _printf_core
    printf8.o(i.__0snprintf$8) refers to printf8.o(i._snputc) for _snputc
    printf8.o(i.__0sprintf$8) refers to printf8.o(i._printf_core) for _printf_core
    printf8.o(i.__0sprintf$8) refers to printf8.o(i._sputc) for _sputc
    printf8.o(i.__0vfprintf$8) refers to printf8.o(i._printf_core) for _printf_core
    printf8.o(i.__0vfprintf$8) refers to hw_helper.o(.text) for fputc
    printf8.o(i.__0vprintf$8) refers to printf8.o(i._printf_core) for _printf_core
    printf8.o(i.__0vprintf$8) refers to hw_helper.o(.text) for fputc
    printf8.o(i.__0vprintf$8) refers to stdout.o(.data) for __stdout
    printf8.o(i.__0vsnprintf$8) refers to printf8.o(i._printf_core) for _printf_core
    printf8.o(i.__0vsnprintf$8) refers to printf8.o(i._snputc) for _snputc
    printf8.o(i.__0vsprintf$8) refers to printf8.o(i._printf_core) for _printf_core
    printf8.o(i.__0vsprintf$8) refers to printf8.o(i._sputc) for _sputc
    printf8.o(i._printf_core) refers to printf8.o(i._printf_pre_padding) for _printf_pre_padding
    printf8.o(i._printf_core) refers to uldiv.o(.text) for __aeabi_uldivmod
    printf8.o(i._printf_core) refers to printf8.o(i._printf_post_padding) for _printf_post_padding
    printfa.o(i.__0fprintf) refers (Special) to iusefp.o(.text) for __I$use$fp
    printfa.o(i.__0fprintf) refers to printfa.o(i._printf_core) for _printf_core
    printfa.o(i.__0fprintf) refers to hw_helper.o(.text) for fputc
    printfa.o(i.__0printf) refers (Special) to iusefp.o(.text) for __I$use$fp
    printfa.o(i.__0printf) refers to printfa.o(i._printf_core) for _printf_core
    printfa.o(i.__0printf) refers to hw_helper.o(.text) for fputc
    printfa.o(i.__0printf) refers to stdout.o(.data) for __stdout
    printfa.o(i.__0snprintf) refers (Special) to iusefp.o(.text) for __I$use$fp
    printfa.o(i.__0snprintf) refers to printfa.o(i._printf_core) for _printf_core
    printfa.o(i.__0snprintf) refers to printfa.o(i._snputc) for _snputc
    printfa.o(i.__0sprintf) refers (Special) to iusefp.o(.text) for __I$use$fp
    printfa.o(i.__0sprintf) refers to printfa.o(i._printf_core) for _printf_core
    printfa.o(i.__0sprintf) refers to printfa.o(i._sputc) for _sputc
    printfa.o(i.__0vfprintf) refers (Special) to iusefp.o(.text) for __I$use$fp
    printfa.o(i.__0vfprintf) refers to printfa.o(i._printf_core) for _printf_core
    printfa.o(i.__0vfprintf) refers to hw_helper.o(.text) for fputc
    printfa.o(i.__0vprintf) refers (Special) to iusefp.o(.text) for __I$use$fp
    printfa.o(i.__0vprintf) refers to printfa.o(i._printf_core) for _printf_core
    printfa.o(i.__0vprintf) refers to hw_helper.o(.text) for fputc
    printfa.o(i.__0vprintf) refers to stdout.o(.data) for __stdout
    printfa.o(i.__0vsnprintf) refers (Special) to iusefp.o(.text) for __I$use$fp
    printfa.o(i.__0vsnprintf) refers to printfa.o(i._printf_core) for _printf_core
    printfa.o(i.__0vsnprintf) refers to printfa.o(i._snputc) for _snputc
    printfa.o(i.__0vsprintf) refers (Special) to iusefp.o(.text) for __I$use$fp
    printfa.o(i.__0vsprintf) refers to printfa.o(i._printf_core) for _printf_core
    printfa.o(i.__0vsprintf) refers to printfa.o(i._sputc) for _sputc
    printfa.o(i._fp_digits) refers (Special) to iusefp.o(.text) for __I$use$fp
    printfa.o(i._fp_digits) refers to dmul.o(.text) for __aeabi_dmul
    printfa.o(i._fp_digits) refers to ddiv.o(.text) for __aeabi_ddiv
    printfa.o(i._fp_digits) refers to cdrcmple.o(.text) for __aeabi_cdrcmple
    printfa.o(i._fp_digits) refers to dadd.o(.text) for __aeabi_dadd
    printfa.o(i._fp_digits) refers to dfixul.o(.text) for __aeabi_d2ulz
    printfa.o(i._fp_digits) refers to uldiv.o(.text) for __aeabi_uldivmod
    printfa.o(i._printf_core) refers (Special) to iusefp.o(.text) for __I$use$fp
    printfa.o(i._printf_core) refers to printfa.o(i._printf_pre_padding) for _printf_pre_padding
    printfa.o(i._printf_core) refers to uldiv.o(.text) for __aeabi_uldivmod
    printfa.o(i._printf_core) refers to printfa.o(i._printf_post_padding) for _printf_post_padding
    printfa.o(i._printf_core) refers to printfa.o(i._fp_digits) for _fp_digits
    printfa.o(i._printf_core) refers to uidiv.o(.text) for __aeabi_uidivmod
    printfa.o(i._printf_post_padding) refers (Special) to iusefp.o(.text) for __I$use$fp
    printfa.o(i._printf_pre_padding) refers (Special) to iusefp.o(.text) for __I$use$fp
    printfa.o(i._snputc) refers (Special) to iusefp.o(.text) for __I$use$fp
    printfa.o(i._sputc) refers (Special) to iusefp.o(.text) for __I$use$fp
    f2d.o(.text) refers (Special) to iusefp.o(.text) for __I$use$fp
    entry2.o(.ARM.Collect$$$$00000001) refers to entry2.o(.ARM.Collect$$$$00002712) for __lit__00000000
    entry2.o(.ARM.Collect$$$$00002712) refers to startup_stm32f40_41xxx.o(STACK) for __initial_sp
    entry2.o(__vectab_stack_and_reset_area) refers to startup_stm32f40_41xxx.o(STACK) for __initial_sp
    entry2.o(__vectab_stack_and_reset_area) refers to entry.o(.ARM.Collect$$$$00000000) for __main
    entry5.o(.ARM.Collect$$$$00000004) refers to init.o(.text) for __scatterload
    entry9a.o(.ARM.Collect$$$$0000000B) refers to main.o(.text) for main
    entry9b.o(.ARM.Collect$$$$0000000C) refers to main.o(.text) for main
    dadd.o(.text) refers to llshl.o(.text) for __aeabi_llsl
    dadd.o(.text) refers to llsshr.o(.text) for __aeabi_lasr
    dadd.o(.text) refers to depilogue.o(.text) for _double_epilogue
    dmul.o(.text) refers to depilogue.o(.text) for _double_epilogue
    ddiv.o(.text) refers to depilogue.o(.text) for _double_round
    dfixul.o(.text) refers to llushr.o(.text) for __aeabi_llsr
    dfixul.o(.text) refers to llshl.o(.text) for __aeabi_llsl
    init.o(.text) refers to entry5.o(.ARM.Collect$$$$00000004) for __main_after_scatterload
    depilogue.o(.text) refers to llshl.o(.text) for __aeabi_llsl
    depilogue.o(.text) refers to llushr.o(.text) for __aeabi_llsr


==============================================================================

Removing Unused input sections from the image.

    Removing startup_stm32f40_41xxx.o(HEAP), (512 bytes).
    Removing misc.o(.rev16_text), (4 bytes).
    Removing misc.o(.revsh_text), (4 bytes).
    Removing misc.o(.rrx_text), (6 bytes).
    Removing stm32f4xx_rcc.o(.rev16_text), (4 bytes).
    Removing stm32f4xx_rcc.o(.revsh_text), (4 bytes).
    Removing stm32f4xx_rcc.o(.rrx_text), (6 bytes).
    Removing stm32f4xx_gpio.o(.rev16_text), (4 bytes).
    Removing stm32f4xx_gpio.o(.revsh_text), (4 bytes).
    Removing stm32f4xx_gpio.o(.rrx_text), (6 bytes).
    Removing stm32f4xx_tim.o(.rev16_text), (4 bytes).
    Removing stm32f4xx_tim.o(.revsh_text), (4 bytes).
    Removing stm32f4xx_tim.o(.rrx_text), (6 bytes).
    Removing ess_helper.o(.rev16_text), (4 bytes).
    Removing ess_helper.o(.revsh_text), (4 bytes).
    Removing ess_helper.o(.rrx_text), (6 bytes).
    Removing fancy_led.o(.text), (100 bytes).
    Removing hw_helper.o(.rev16_text), (4 bytes).
    Removing hw_helper.o(.revsh_text), (4 bytes).
    Removing hw_helper.o(.rrx_text), (6 bytes).
    Removing lab2.o(.text), (768 bytes).
    Removing lab2.o(.data), (1 bytes).
    Removing lab1.o(.rev16_text), (4 bytes).
    Removing lab1.o(.revsh_text), (4 bytes).
    Removing lab1.o(.rrx_text), (6 bytes).
    Removing lab1.o(.text), (332 bytes).
    Removing spi_driver.o(.rev16_text), (4 bytes).
    Removing spi_driver.o(.revsh_text), (4 bytes).
    Removing spi_driver.o(.rrx_text), (6 bytes).
    Removing main.o(.rev16_text), (4 bytes).
    Removing main.o(.revsh_text), (4 bytes).
    Removing main.o(.rrx_text), (6 bytes).
    Removing stm32f4xx_it.o(.rev16_text), (4 bytes).
    Removing stm32f4xx_it.o(.revsh_text), (4 bytes).
    Removing stm32f4xx_it.o(.rrx_text), (6 bytes).
    Removing system_stm32f4xx.o(.rev16_text), (4 bytes).
    Removing system_stm32f4xx.o(.revsh_text), (4 bytes).
    Removing system_stm32f4xx.o(.rrx_text), (6 bytes).

38 unused section(s) (total 1867 bytes) removed from the image.

==============================================================================

Image Symbol Table

    Local Symbols

    Symbol Name                              Value     Ov Type        Size  Object(Section)

    ../clib/microlib/division.c              0x00000000   Number         0  ldiv.o ABSOLUTE
    ../clib/microlib/division.c              0x00000000   Number         0  uldiv.o ABSOLUTE
    ../clib/microlib/division.c              0x00000000   Number         0  uidiv.o ABSOLUTE
    ../clib/microlib/init/entry.s            0x00000000   Number         0  entry11a.o ABSOLUTE
    ../clib/microlib/init/entry.s            0x00000000   Number         0  entry7b.o ABSOLUTE
    ../clib/microlib/init/entry.s            0x00000000   Number         0  entry7a.o ABSOLUTE
    ../clib/microlib/init/entry.s            0x00000000   Number         0  entry5.o ABSOLUTE
    ../clib/microlib/init/entry.s            0x00000000   Number         0  entry10a.o ABSOLUTE
    ../clib/microlib/init/entry.s            0x00000000   Number         0  entry11b.o ABSOLUTE
    ../clib/microlib/init/entry.s            0x00000000   Number         0  entry9b.o ABSOLUTE
    ../clib/microlib/init/entry.s            0x00000000   Number         0  entry.o ABSOLUTE
    ../clib/microlib/init/entry.s            0x00000000   Number         0  entry9a.o ABSOLUTE
    ../clib/microlib/init/entry.s            0x00000000   Number         0  entry10b.o ABSOLUTE
    ../clib/microlib/init/entry.s            0x00000000   Number         0  entry8b.o ABSOLUTE
    ../clib/microlib/init/entry.s            0x00000000   Number         0  entry8a.o ABSOLUTE
    ../clib/microlib/init/entry.s            0x00000000   Number         0  entry2.o ABSOLUTE
    ../clib/microlib/longlong.c              0x00000000   Number         0  llshl.o ABSOLUTE
    ../clib/microlib/longlong.c              0x00000000   Number         0  llsshr.o ABSOLUTE
    ../clib/microlib/longlong.c              0x00000000   Number         0  llushr.o ABSOLUTE
    ../clib/microlib/printf/printf.c         0x00000000   Number         0  printf4.o ABSOLUTE
    ../clib/microlib/printf/printf.c         0x00000000   Number         0  printf3.o ABSOLUTE
    ../clib/microlib/printf/printf.c         0x00000000   Number         0  printf2.o ABSOLUTE
    ../clib/microlib/printf/printf.c         0x00000000   Number         0  printf0.o ABSOLUTE
    ../clib/microlib/printf/printf.c         0x00000000   Number         0  printfb.o ABSOLUTE
    ../clib/microlib/printf/printf.c         0x00000000   Number         0  printf1.o ABSOLUTE
    ../clib/microlib/printf/printf.c         0x00000000   Number         0  printfa.o ABSOLUTE
    ../clib/microlib/printf/printf.c         0x00000000   Number         0  printf8.o ABSOLUTE
    ../clib/microlib/printf/printf.c         0x00000000   Number         0  printf7.o ABSOLUTE
    ../clib/microlib/printf/printf.c         0x00000000   Number         0  printf5.o ABSOLUTE
    ../clib/microlib/printf/printf.c         0x00000000   Number         0  printf6.o ABSOLUTE
    ../clib/microlib/printf/stubs.s          0x00000000   Number         0  stubs.o ABSOLUTE
    ../clib/microlib/stdio/streams.c         0x00000000   Number         0  stdout.o ABSOLUTE
    ../clib/microlib/string/memset.c         0x00000000   Number         0  memseta.o ABSOLUTE
    ../clib/microlib/stubs.s                 0x00000000   Number         0  iusefp.o ABSOLUTE
    ../fplib/microlib/f2d.c                  0x00000000   Number         0  f2d.o ABSOLUTE
    ../fplib/microlib/fpadd.c                0x00000000   Number         0  dadd.o ABSOLUTE
    ../fplib/microlib/fpdiv.c                0x00000000   Number         0  ddiv.o ABSOLUTE
    ../fplib/microlib/fpepilogue.c           0x00000000   Number         0  depilogue.o ABSOLUTE
    ../fplib/microlib/fpfix.c                0x00000000   Number         0  dfixul.o ABSOLUTE
    ../fplib/microlib/fpmul.c                0x00000000   Number         0  dmul.o ABSOLUTE
    ..\00-STM32F4xx_STANDARD_PERIPHERAL_DRIVERS\CMSIS\Device\ST\STM32F4xx\Source\Templates\arm\startup_stm32f40_41xxx.s 0x00000000   Number         0  startup_stm32f40_41xxx.o ABSOLUTE
    ..\00-STM32F4xx_STANDARD_PERIPHERAL_DRIVERS\STM32F4xx_StdPeriph_Driver\src\misc.c 0x00000000   Number         0  misc.o ABSOLUTE
    ..\00-STM32F4xx_STANDARD_PERIPHERAL_DRIVERS\STM32F4xx_StdPeriph_Driver\src\stm32f4xx_gpio.c 0x00000000   Number         0  stm32f4xx_gpio.o ABSOLUTE
    ..\00-STM32F4xx_STANDARD_PERIPHERAL_DRIVERS\STM32F4xx_StdPeriph_Driver\src\stm32f4xx_rcc.c 0x00000000   Number         0  stm32f4xx_rcc.o ABSOLUTE
    ..\00-STM32F4xx_STANDARD_PERIPHERAL_DRIVERS\STM32F4xx_StdPeriph_Driver\src\stm32f4xx_tim.c 0x00000000   Number         0  stm32f4xx_tim.o ABSOLUTE
    ..\ESS\ess_helper.c                      0x00000000   Number         0  ess_helper.o ABSOLUTE
    ..\ESS\spi_driver.c                      0x00000000   Number         0  spi_driver.o ABSOLUTE
    ..\\00-STM32F4xx_STANDARD_PERIPHERAL_DRIVERS\\STM32F4xx_StdPeriph_Driver\\src\\misc.c 0x00000000   Number         0  misc.o ABSOLUTE
    ..\\00-STM32F4xx_STANDARD_PERIPHERAL_DRIVERS\\STM32F4xx_StdPeriph_Driver\\src\\stm32f4xx_gpio.c 0x00000000   Number         0  stm32f4xx_gpio.o ABSOLUTE
    ..\\00-STM32F4xx_STANDARD_PERIPHERAL_DRIVERS\\STM32F4xx_StdPeriph_Driver\\src\\stm32f4xx_rcc.c 0x00000000   Number         0  stm32f4xx_rcc.o ABSOLUTE
    ..\\00-STM32F4xx_STANDARD_PERIPHERAL_DRIVERS\\STM32F4xx_StdPeriph_Driver\\src\\stm32f4xx_tim.c 0x00000000   Number         0  stm32f4xx_tim.o ABSOLUTE
    ..\\ESS\\ess_helper.c                    0x00000000   Number         0  ess_helper.o ABSOLUTE
    ..\\ESS\\spi_driver.c                    0x00000000   Number         0  spi_driver.o ABSOLUTE
    ESS\\hw_helper.c                         0x00000000   Number         0  hw_helper.o ABSOLUTE
    ESS\\lab1.c                              0x00000000   Number         0  lab1.o ABSOLUTE
    ESS\acc_driver.c                         0x00000000   Number         0  acc_driver.o ABSOLUTE
    ESS\fancy_led.c                          0x00000000   Number         0  fancy_led.o ABSOLUTE
    ESS\hw_helper.c                          0x00000000   Number         0  hw_helper.o ABSOLUTE
    ESS\lab1.c                               0x00000000   Number         0  lab1.o ABSOLUTE
    ESS\lab2.c                               0x00000000   Number         0  lab2.o ABSOLUTE
    ESS\lab3.c                               0x00000000   Number         0  lab3.o ABSOLUTE
    ESS\led_driver.c                         0x00000000   Number         0  led_driver.o ABSOLUTE
    ESS\pwm_driver.c                         0x00000000   Number         0  pwm_driver.o ABSOLUTE
    User\\main.c                             0x00000000   Number         0  main.o ABSOLUTE
    User\\stm32f4xx_it.c                     0x00000000   Number         0  stm32f4xx_it.o ABSOLUTE
    User\\system_stm32f4xx.c                 0x00000000   Number         0  system_stm32f4xx.o ABSOLUTE
    User\main.c                              0x00000000   Number         0  main.o ABSOLUTE
    User\stm32f4xx_it.c                      0x00000000   Number         0  stm32f4xx_it.o ABSOLUTE
    User\system_stm32f4xx.c                  0x00000000   Number         0  system_stm32f4xx.o ABSOLUTE
    cdrcmple.s                               0x00000000   Number         0  cdrcmple.o ABSOLUTE
    dc.s                                     0x00000000   Number         0  dc.o ABSOLUTE
    handlers.s                               0x00000000   Number         0  handlers.o ABSOLUTE
    init.s                                   0x00000000   Number         0  init.o ABSOLUTE
    RESET                                    0x08000000   Section      392  startup_stm32f40_41xxx.o(RESET)
    .ARM.Collect$$$$00000000                 0x08000188   Section        0  entry.o(.ARM.Collect$$$$00000000)
    .ARM.Collect$$$$00000001                 0x08000188   Section        4  entry2.o(.ARM.Collect$$$$00000001)
    .ARM.Collect$$$$00000004                 0x0800018c   Section        4  entry5.o(.ARM.Collect$$$$00000004)
    .ARM.Collect$$$$00000008                 0x08000190   Section        0  entry7b.o(.ARM.Collect$$$$00000008)
    .ARM.Collect$$$$0000000A                 0x08000190   Section        0  entry8b.o(.ARM.Collect$$$$0000000A)
    .ARM.Collect$$$$0000000B                 0x08000190   Section        8  entry9a.o(.ARM.Collect$$$$0000000B)
    .ARM.Collect$$$$0000000D                 0x08000198   Section        0  entry10a.o(.ARM.Collect$$$$0000000D)
    .ARM.Collect$$$$0000000F                 0x08000198   Section        0  entry11a.o(.ARM.Collect$$$$0000000F)
    .ARM.Collect$$$$00002712                 0x08000198   Section        4  entry2.o(.ARM.Collect$$$$00002712)
    __lit__00000000                          0x08000198   Data           4  entry2.o(.ARM.Collect$$$$00002712)
    .text                                    0x0800019c   Section       36  startup_stm32f40_41xxx.o(.text)
    $v0                                      0x0800019c   Number         0  startup_stm32f40_41xxx.o(.text)
    .text                                    0x080001c0   Section        0  misc.o(.text)
    .text                                    0x08000270   Section        0  stm32f4xx_rcc.o(.text)
    .text                                    0x080006f0   Section        0  stm32f4xx_gpio.o(.text)
    .text                                    0x080008fc   Section        0  stm32f4xx_tim.o(.text)
    TI2_Config                               0x08000f47   Thumb Code    54  stm32f4xx_tim.o(.text)
    TI1_Config                               0x080012ab   Thumb Code    46  stm32f4xx_tim.o(.text)
    .text                                    0x080012d8   Section        0  ess_helper.o(.text)
    .text                                    0x08001348   Section        0  led_driver.o(.text)
    .text                                    0x08001370   Section        0  pwm_driver.o(.text)
    pwm_driver_base_init                     0x080014dd   Thumb Code    14  pwm_driver.o(.text)
    pwm_driver_base_set                      0x080014eb   Thumb Code    40  pwm_driver.o(.text)
    .text                                    0x0800151c   Section        0  hw_helper.o(.text)
    .text                                    0x08001bb4   Section        0  lab3.o(.text)
    _object_tracer_to_angle                  0x08001d6f   Thumb Code    46  lab3.o(.text)
    ACC_ConvertValueToPWMBrightness          0x080020c7   Thumb Code    38  lab3.o(.text)
    .text                                    0x08002100   Section        0  spi_driver.o(.text)
    .text                                    0x080025b0   Section        0  acc_driver.o(.text)
    Tm3IsrCallback                           0x080025d5   Thumb Code    22  acc_driver.o(.text)
    spi_read_reg                             0x08002783   Thumb Code    24  acc_driver.o(.text)
    .text                                    0x080027a8   Section        0  main.o(.text)
    .text                                    0x080027be   Section        0  stm32f4xx_it.o(.text)
    .text                                    0x080027d8   Section        0  system_stm32f4xx.o(.text)
    SetSysClock                              0x080027d9   Thumb Code   162  system_stm32f4xx.o(.text)
    .text                                    0x08002954   Section        0  uldiv.o(.text)
    .text                                    0x080029b6   Section        0  ldiv.o(.text)
    .text                                    0x08002a18   Section        0  memseta.o(.text)
    .text                                    0x08002a3c   Section        0  f2d.o(.text)
    .text                                    0x08002a62   Section        0  uidiv.o(.text)
    .text                                    0x08002a8e   Section        0  llshl.o(.text)
    .text                                    0x08002aac   Section        0  llushr.o(.text)
    .text                                    0x08002acc   Section        0  dadd.o(.text)
    .text                                    0x08002acc   Section        0  iusefp.o(.text)
    .text                                    0x08002c1a   Section        0  dmul.o(.text)
    .text                                    0x08002cfe   Section        0  ddiv.o(.text)
    .text                                    0x08002ddc   Section        0  dfixul.o(.text)
    .text                                    0x08002e0c   Section       48  cdrcmple.o(.text)
    .text                                    0x08002e3c   Section       36  init.o(.text)
    .text                                    0x08002e60   Section        0  llsshr.o(.text)
    .text                                    0x08002e84   Section        0  depilogue.o(.text)
    i.__0printf                              0x08002f40   Section        0  printfa.o(i.__0printf)
    i.__scatterload_copy                     0x08002f60   Section       14  handlers.o(i.__scatterload_copy)
    i.__scatterload_null                     0x08002f6e   Section        2  handlers.o(i.__scatterload_null)
    i.__scatterload_zeroinit                 0x08002f70   Section       14  handlers.o(i.__scatterload_zeroinit)
    i._fp_digits                             0x08002f80   Section        0  printfa.o(i._fp_digits)
    _fp_digits                               0x08002f81   Thumb Code   366  printfa.o(i._fp_digits)
    i._printf_core                           0x08003104   Section        0  printfa.o(i._printf_core)
    _printf_core                             0x08003105   Thumb Code  1744  printfa.o(i._printf_core)
    i._printf_post_padding                   0x080037e0   Section        0  printfa.o(i._printf_post_padding)
    _printf_post_padding                     0x080037e1   Thumb Code    36  printfa.o(i._printf_post_padding)
    i._printf_pre_padding                    0x08003804   Section        0  printfa.o(i._printf_pre_padding)
    _printf_pre_padding                      0x08003805   Thumb Code    46  printfa.o(i._printf_pre_padding)
    .conststring                             0x08003834   Section       82  lab3.o(.conststring)
    .data                                    0x20000000   Section       16  stm32f4xx_rcc.o(.data)
    APBAHBPrescTable                         0x20000000   Data          16  stm32f4xx_rcc.o(.data)
    .data                                    0x20000010   Section        4  hw_helper.o(.data)
    g_TMR4_ResolutionUsec                    0x20000010   Data           4  hw_helper.o(.data)
    .data                                    0x20000014   Section        8  acc_driver.o(.data)
    g_Tmr3IsrRdy                             0x20000014   Data           1  acc_driver.o(.data)
    g_AccValAsync                            0x20000016   Data           6  acc_driver.o(.data)
    .data                                    0x2000001c   Section       20  system_stm32f4xx.o(.data)
    .data                                    0x20000030   Section        4  stdout.o(.data)
    .bss                                     0x20000034   Section       88  pwm_driver.o(.bss)
    state                                    0x20000034   Data          36  pwm_driver.o(.bss)
    state2                                   0x20000058   Data          52  pwm_driver.o(.bss)
    .bss                                     0x2000008c   Section       20  hw_helper.o(.bss)
    g_TMR_Callback                           0x2000008c   Data          20  hw_helper.o(.bss)
    STACK                                    0x200000a0   Section     1024  startup_stm32f40_41xxx.o(STACK)

    Global Symbols

    Symbol Name                              Value     Ov Type        Size  Object(Section)

    BuildAttributes$$THM_ISAv4$E$P$D$K$B$S$7EM$VFPi3$EXTD16$VFPS$VFMA$PE$A:L22UL41UL21$X:L11$S22US41US21$IEEE1$IW$USESV6$~STKCKD$USESV7$~SHL$OSPACE$ROPI$EBA8$MICROLIB$REQ8$PRES8$EABIv2 0x00000000   Number         0  anon$$obj.o ABSOLUTE
    __ARM_use_no_argv                        0x00000000   Number         0  main.o ABSOLUTE
    _printf_a                                0x00000000   Number         0  stubs.o ABSOLUTE
    _printf_c                                0x00000000   Number         0  stubs.o ABSOLUTE
    _printf_charcount                        0x00000000   Number         0  stubs.o ABSOLUTE
    _printf_d                                0x00000000   Number         0  stubs.o ABSOLUTE
    _printf_e                                0x00000000   Number         0  stubs.o ABSOLUTE
    _printf_f                                0x00000000   Number         0  stubs.o ABSOLUTE
    _printf_flags                            0x00000000   Number         0  stubs.o ABSOLUTE
    _printf_fp_dec                           0x00000000   Number         0  stubs.o ABSOLUTE
    _printf_fp_hex                           0x00000000   Number         0  stubs.o ABSOLUTE
    _printf_g                                0x00000000   Number         0  stubs.o ABSOLUTE
    _printf_i                                0x00000000   Number         0  stubs.o ABSOLUTE
    _printf_int_dec                          0x00000000   Number         0  stubs.o ABSOLUTE
    _printf_l                                0x00000000   Number         0  stubs.o ABSOLUTE
    _printf_lc                               0x00000000   Number         0  stubs.o ABSOLUTE
    _printf_ll                               0x00000000   Number         0  stubs.o ABSOLUTE
    _printf_lld                              0x00000000   Number         0  stubs.o ABSOLUTE
    _printf_lli                              0x00000000   Number         0  stubs.o ABSOLUTE
    _printf_llo                              0x00000000   Number         0  stubs.o ABSOLUTE
    _printf_llu                              0x00000000   Number         0  stubs.o ABSOLUTE
    _printf_llx                              0x00000000   Number         0  stubs.o ABSOLUTE
    _printf_longlong_dec                     0x00000000   Number         0  stubs.o ABSOLUTE
    _printf_longlong_hex                     0x00000000   Number         0  stubs.o ABSOLUTE
    _printf_longlong_oct                     0x00000000   Number         0  stubs.o ABSOLUTE
    _printf_ls                               0x00000000   Number         0  stubs.o ABSOLUTE
    _printf_mbtowc                           0x00000000   Number         0  stubs.o ABSOLUTE
    _printf_n                                0x00000000   Number         0  stubs.o ABSOLUTE
    _printf_o                                0x00000000   Number         0  stubs.o ABSOLUTE
    _printf_p                                0x00000000   Number         0  stubs.o ABSOLUTE
    _printf_percent                          0x00000000   Number         0  stubs.o ABSOLUTE
    _printf_pre_padding                      0x00000000   Number         0  stubs.o ABSOLUTE
    _printf_return_value                     0x00000000   Number         0  stubs.o ABSOLUTE
    _printf_s                                0x00000000   Number         0  stubs.o ABSOLUTE
    _printf_sizespec                         0x00000000   Number         0  stubs.o ABSOLUTE
    _printf_str                              0x00000000   Number         0  stubs.o ABSOLUTE
    _printf_truncate_signed                  0x00000000   Number         0  stubs.o ABSOLUTE
    _printf_truncate_unsigned                0x00000000   Number         0  stubs.o ABSOLUTE
    _printf_u                                0x00000000   Number         0  stubs.o ABSOLUTE
    _printf_wc                               0x00000000   Number         0  stubs.o ABSOLUTE
    _printf_wctomb                           0x00000000   Number         0  stubs.o ABSOLUTE
    _printf_widthprec                        0x00000000   Number         0  stubs.o ABSOLUTE
    _printf_x                                0x00000000   Number         0  stubs.o ABSOLUTE
    __cpp_initialize__aeabi_                  - Undefined Weak Reference
    __cxa_finalize                            - Undefined Weak Reference
    __decompress                              - Undefined Weak Reference
    _clock_init                               - Undefined Weak Reference
    _microlib_exit                            - Undefined Weak Reference
    __Vectors_Size                           0x00000188   Number         0  startup_stm32f40_41xxx.o ABSOLUTE
    __Vectors                                0x08000000   Data           4  startup_stm32f40_41xxx.o(RESET)
    __Vectors_End                            0x08000188   Data           0  startup_stm32f40_41xxx.o(RESET)
    __main                                   0x08000189   Thumb Code     0  entry.o(.ARM.Collect$$$$00000000)
    _main_stk                                0x08000189   Thumb Code     0  entry2.o(.ARM.Collect$$$$00000001)
    _main_scatterload                        0x0800018d   Thumb Code     0  entry5.o(.ARM.Collect$$$$00000004)
    __main_after_scatterload                 0x08000191   Thumb Code     0  entry5.o(.ARM.Collect$$$$00000004)
    _main_clock                              0x08000191   Thumb Code     0  entry7b.o(.ARM.Collect$$$$00000008)
    _main_cpp_init                           0x08000191   Thumb Code     0  entry8b.o(.ARM.Collect$$$$0000000A)
    _main_init                               0x08000191   Thumb Code     0  entry9a.o(.ARM.Collect$$$$0000000B)
    __rt_final_cpp                           0x08000199   Thumb Code     0  entry10a.o(.ARM.Collect$$$$0000000D)
    __rt_final_exit                          0x08000199   Thumb Code     0  entry11a.o(.ARM.Collect$$$$0000000F)
    Reset_Handler                            0x0800019d   Thumb Code     8  startup_stm32f40_41xxx.o(.text)
    ADC_IRQHandler                           0x080001b7   Thumb Code     0  startup_stm32f40_41xxx.o(.text)
    CAN1_RX0_IRQHandler                      0x080001b7   Thumb Code     0  startup_stm32f40_41xxx.o(.text)
    CAN1_RX1_IRQHandler                      0x080001b7   Thumb Code     0  startup_stm32f40_41xxx.o(.text)
    CAN1_SCE_IRQHandler                      0x080001b7   Thumb Code     0  startup_stm32f40_41xxx.o(.text)
    CAN1_TX_IRQHandler                       0x080001b7   Thumb Code     0  startup_stm32f40_41xxx.o(.text)
    CAN2_RX0_IRQHandler                      0x080001b7   Thumb Code     0  startup_stm32f40_41xxx.o(.text)
    CAN2_RX1_IRQHandler                      0x080001b7   Thumb Code     0  startup_stm32f40_41xxx.o(.text)
    CAN2_SCE_IRQHandler                      0x080001b7   Thumb Code     0  startup_stm32f40_41xxx.o(.text)
    CAN2_TX_IRQHandler                       0x080001b7   Thumb Code     0  startup_stm32f40_41xxx.o(.text)
    CRYP_IRQHandler                          0x080001b7   Thumb Code     0  startup_stm32f40_41xxx.o(.text)
    DCMI_IRQHandler                          0x080001b7   Thumb Code     0  startup_stm32f40_41xxx.o(.text)
    DMA1_Stream0_IRQHandler                  0x080001b7   Thumb Code     0  startup_stm32f40_41xxx.o(.text)
    DMA1_Stream1_IRQHandler                  0x080001b7   Thumb Code     0  startup_stm32f40_41xxx.o(.text)
    DMA1_Stream2_IRQHandler                  0x080001b7   Thumb Code     0  startup_stm32f40_41xxx.o(.text)
    DMA1_Stream3_IRQHandler                  0x080001b7   Thumb Code     0  startup_stm32f40_41xxx.o(.text)
    DMA1_Stream4_IRQHandler                  0x080001b7   Thumb Code     0  startup_stm32f40_41xxx.o(.text)
    DMA1_Stream5_IRQHandler                  0x080001b7   Thumb Code     0  startup_stm32f40_41xxx.o(.text)
    DMA1_Stream6_IRQHandler                  0x080001b7   Thumb Code     0  startup_stm32f40_41xxx.o(.text)
    DMA1_Stream7_IRQHandler                  0x080001b7   Thumb Code     0  startup_stm32f40_41xxx.o(.text)
    DMA2_Stream0_IRQHandler                  0x080001b7   Thumb Code     0  startup_stm32f40_41xxx.o(.text)
    DMA2_Stream1_IRQHandler                  0x080001b7   Thumb Code     0  startup_stm32f40_41xxx.o(.text)
    DMA2_Stream2_IRQHandler                  0x080001b7   Thumb Code     0  startup_stm32f40_41xxx.o(.text)
    DMA2_Stream3_IRQHandler                  0x080001b7   Thumb Code     0  startup_stm32f40_41xxx.o(.text)
    DMA2_Stream4_IRQHandler                  0x080001b7   Thumb Code     0  startup_stm32f40_41xxx.o(.text)
    DMA2_Stream5_IRQHandler                  0x080001b7   Thumb Code     0  startup_stm32f40_41xxx.o(.text)
    DMA2_Stream6_IRQHandler                  0x080001b7   Thumb Code     0  startup_stm32f40_41xxx.o(.text)
    DMA2_Stream7_IRQHandler                  0x080001b7   Thumb Code     0  startup_stm32f40_41xxx.o(.text)
    ETH_IRQHandler                           0x080001b7   Thumb Code     0  startup_stm32f40_41xxx.o(.text)
    ETH_WKUP_IRQHandler                      0x080001b7   Thumb Code     0  startup_stm32f40_41xxx.o(.text)
    EXTI0_IRQHandler                         0x080001b7   Thumb Code     0  startup_stm32f40_41xxx.o(.text)
    EXTI15_10_IRQHandler                     0x080001b7   Thumb Code     0  startup_stm32f40_41xxx.o(.text)
    EXTI1_IRQHandler                         0x080001b7   Thumb Code     0  startup_stm32f40_41xxx.o(.text)
    EXTI2_IRQHandler                         0x080001b7   Thumb Code     0  startup_stm32f40_41xxx.o(.text)
    EXTI3_IRQHandler                         0x080001b7   Thumb Code     0  startup_stm32f40_41xxx.o(.text)
    EXTI4_IRQHandler                         0x080001b7   Thumb Code     0  startup_stm32f40_41xxx.o(.text)
    EXTI9_5_IRQHandler                       0x080001b7   Thumb Code     0  startup_stm32f40_41xxx.o(.text)
    FLASH_IRQHandler                         0x080001b7   Thumb Code     0  startup_stm32f40_41xxx.o(.text)
    FPU_IRQHandler                           0x080001b7   Thumb Code     0  startup_stm32f40_41xxx.o(.text)
    FSMC_IRQHandler                          0x080001b7   Thumb Code     0  startup_stm32f40_41xxx.o(.text)
    HASH_RNG_IRQHandler                      0x080001b7   Thumb Code     0  startup_stm32f40_41xxx.o(.text)
    I2C1_ER_IRQHandler                       0x080001b7   Thumb Code     0  startup_stm32f40_41xxx.o(.text)
    I2C1_EV_IRQHandler                       0x080001b7   Thumb Code     0  startup_stm32f40_41xxx.o(.text)
    I2C2_ER_IRQHandler                       0x080001b7   Thumb Code     0  startup_stm32f40_41xxx.o(.text)
    I2C2_EV_IRQHandler                       0x080001b7   Thumb Code     0  startup_stm32f40_41xxx.o(.text)
    I2C3_ER_IRQHandler                       0x080001b7   Thumb Code     0  startup_stm32f40_41xxx.o(.text)
    I2C3_EV_IRQHandler                       0x080001b7   Thumb Code     0  startup_stm32f40_41xxx.o(.text)
    OTG_FS_IRQHandler                        0x080001b7   Thumb Code     0  startup_stm32f40_41xxx.o(.text)
    OTG_FS_WKUP_IRQHandler                   0x080001b7   Thumb Code     0  startup_stm32f40_41xxx.o(.text)
    OTG_HS_EP1_IN_IRQHandler                 0x080001b7   Thumb Code     0  startup_stm32f40_41xxx.o(.text)
    OTG_HS_EP1_OUT_IRQHandler                0x080001b7   Thumb Code     0  startup_stm32f40_41xxx.o(.text)
    OTG_HS_IRQHandler                        0x080001b7   Thumb Code     0  startup_stm32f40_41xxx.o(.text)
    OTG_HS_WKUP_IRQHandler                   0x080001b7   Thumb Code     0  startup_stm32f40_41xxx.o(.text)
    PVD_IRQHandler                           0x080001b7   Thumb Code     0  startup_stm32f40_41xxx.o(.text)
    RCC_IRQHandler                           0x080001b7   Thumb Code     0  startup_stm32f40_41xxx.o(.text)
    RTC_Alarm_IRQHandler                     0x080001b7   Thumb Code     0  startup_stm32f40_41xxx.o(.text)
    RTC_WKUP_IRQHandler                      0x080001b7   Thumb Code     0  startup_stm32f40_41xxx.o(.text)
    SDIO_IRQHandler                          0x080001b7   Thumb Code     0  startup_stm32f40_41xxx.o(.text)
    SPI1_IRQHandler                          0x080001b7   Thumb Code     0  startup_stm32f40_41xxx.o(.text)
    SPI2_IRQHandler                          0x080001b7   Thumb Code     0  startup_stm32f40_41xxx.o(.text)
    SPI3_IRQHandler                          0x080001b7   Thumb Code     0  startup_stm32f40_41xxx.o(.text)
    TAMP_STAMP_IRQHandler                    0x080001b7   Thumb Code     0  startup_stm32f40_41xxx.o(.text)
    TIM1_BRK_TIM9_IRQHandler                 0x080001b7   Thumb Code     0  startup_stm32f40_41xxx.o(.text)
    TIM1_CC_IRQHandler                       0x080001b7   Thumb Code     0  startup_stm32f40_41xxx.o(.text)
    TIM1_TRG_COM_TIM11_IRQHandler            0x080001b7   Thumb Code     0  startup_stm32f40_41xxx.o(.text)
    TIM1_UP_TIM10_IRQHandler                 0x080001b7   Thumb Code     0  startup_stm32f40_41xxx.o(.text)
    TIM2_IRQHandler                          0x080001b7   Thumb Code     0  startup_stm32f40_41xxx.o(.text)
    TIM5_IRQHandler                          0x080001b7   Thumb Code     0  startup_stm32f40_41xxx.o(.text)
    TIM6_DAC_IRQHandler                      0x080001b7   Thumb Code     0  startup_stm32f40_41xxx.o(.text)
    TIM7_IRQHandler                          0x080001b7   Thumb Code     0  startup_stm32f40_41xxx.o(.text)
    TIM8_BRK_TIM12_IRQHandler                0x080001b7   Thumb Code     0  startup_stm32f40_41xxx.o(.text)
    TIM8_CC_IRQHandler                       0x080001b7   Thumb Code     0  startup_stm32f40_41xxx.o(.text)
    TIM8_TRG_COM_TIM14_IRQHandler            0x080001b7   Thumb Code     0  startup_stm32f40_41xxx.o(.text)
    TIM8_UP_TIM13_IRQHandler                 0x080001b7   Thumb Code     0  startup_stm32f40_41xxx.o(.text)
    UART4_IRQHandler                         0x080001b7   Thumb Code     0  startup_stm32f40_41xxx.o(.text)
    UART5_IRQHandler                         0x080001b7   Thumb Code     0  startup_stm32f40_41xxx.o(.text)
    USART1_IRQHandler                        0x080001b7   Thumb Code     0  startup_stm32f40_41xxx.o(.text)
    USART2_IRQHandler                        0x080001b7   Thumb Code     0  startup_stm32f40_41xxx.o(.text)
    USART3_IRQHandler                        0x080001b7   Thumb Code     0  startup_stm32f40_41xxx.o(.text)
    USART6_IRQHandler                        0x080001b7   Thumb Code     0  startup_stm32f40_41xxx.o(.text)
    WWDG_IRQHandler                          0x080001b7   Thumb Code     0  startup_stm32f40_41xxx.o(.text)
    NVIC_PriorityGroupConfig                 0x080001c1   Thumb Code    10  misc.o(.text)
    NVIC_Init                                0x080001cb   Thumb Code    96  misc.o(.text)
    NVIC_SetVectorTable                      0x0800022b   Thumb Code    14  misc.o(.text)
    NVIC_SystemLPConfig                      0x08000239   Thumb Code    20  misc.o(.text)
    SysTick_CLKSourceConfig                  0x0800024d   Thumb Code    24  misc.o(.text)
    RCC_DeInit                               0x08000271   Thumb Code    68  stm32f4xx_rcc.o(.text)
    RCC_HSEConfig                            0x080002b5   Thumb Code    12  stm32f4xx_rcc.o(.text)
    RCC_GetFlagStatus                        0x080002c1   Thumb Code    46  stm32f4xx_rcc.o(.text)
    RCC_WaitForHSEStartUp                    0x080002ef   Thumb Code    44  stm32f4xx_rcc.o(.text)
    RCC_AdjustHSICalibrationValue            0x0800031b   Thumb Code    16  stm32f4xx_rcc.o(.text)
    RCC_HSICmd                               0x0800032b   Thumb Code     6  stm32f4xx_rcc.o(.text)
    RCC_LSEConfig                            0x08000331   Thumb Code    24  stm32f4xx_rcc.o(.text)
    RCC_LSICmd                               0x08000349   Thumb Code     6  stm32f4xx_rcc.o(.text)
    RCC_PLLConfig                            0x0800034f   Thumb Code    32  stm32f4xx_rcc.o(.text)
    RCC_PLLCmd                               0x0800036f   Thumb Code     6  stm32f4xx_rcc.o(.text)
    RCC_PLLI2SConfig                         0x08000375   Thumb Code    14  stm32f4xx_rcc.o(.text)
    RCC_PLLI2SCmd                            0x08000383   Thumb Code     6  stm32f4xx_rcc.o(.text)
    RCC_PLLSAIConfig                         0x08000389   Thumb Code    18  stm32f4xx_rcc.o(.text)
    RCC_PLLSAICmd                            0x0800039b   Thumb Code     6  stm32f4xx_rcc.o(.text)
    RCC_ClockSecuritySystemCmd               0x080003a1   Thumb Code     6  stm32f4xx_rcc.o(.text)
    RCC_MCO1Config                           0x080003a7   Thumb Code    18  stm32f4xx_rcc.o(.text)
    RCC_MCO2Config                           0x080003b9   Thumb Code    18  stm32f4xx_rcc.o(.text)
    RCC_SYSCLKConfig                         0x080003cb   Thumb Code    16  stm32f4xx_rcc.o(.text)
    RCC_GetSYSCLKSource                      0x080003db   Thumb Code    12  stm32f4xx_rcc.o(.text)
    RCC_HCLKConfig                           0x080003e7   Thumb Code    16  stm32f4xx_rcc.o(.text)
    RCC_PCLK1Config                          0x080003f7   Thumb Code    16  stm32f4xx_rcc.o(.text)
    RCC_PCLK2Config                          0x08000407   Thumb Code    18  stm32f4xx_rcc.o(.text)
    RCC_GetClocksFreq                        0x08000419   Thumb Code   134  stm32f4xx_rcc.o(.text)
    RCC_RTCCLKConfig                         0x0800049f   Thumb Code    42  stm32f4xx_rcc.o(.text)
    RCC_RTCCLKCmd                            0x080004c9   Thumb Code     8  stm32f4xx_rcc.o(.text)
    RCC_BackupResetCmd                       0x080004d1   Thumb Code     8  stm32f4xx_rcc.o(.text)
    RCC_I2SCLKConfig                         0x080004d9   Thumb Code     8  stm32f4xx_rcc.o(.text)
    RCC_SAIBlockACLKConfig                   0x080004e1   Thumb Code    16  stm32f4xx_rcc.o(.text)
    RCC_SAIBlockBCLKConfig                   0x080004f1   Thumb Code    16  stm32f4xx_rcc.o(.text)
    RCC_SAIPLLI2SClkDivConfig                0x08000501   Thumb Code    18  stm32f4xx_rcc.o(.text)
    RCC_SAIPLLSAIClkDivConfig                0x08000513   Thumb Code    24  stm32f4xx_rcc.o(.text)
    RCC_LTDCCLKDivConfig                     0x0800052b   Thumb Code    16  stm32f4xx_rcc.o(.text)
    RCC_TIMCLKPresConfig                     0x0800053b   Thumb Code     8  stm32f4xx_rcc.o(.text)
    RCC_AHB1PeriphClockCmd                   0x08000543   Thumb Code    20  stm32f4xx_rcc.o(.text)
    RCC_AHB2PeriphClockCmd                   0x08000557   Thumb Code    20  stm32f4xx_rcc.o(.text)
    RCC_AHB3PeriphClockCmd                   0x0800056b   Thumb Code    20  stm32f4xx_rcc.o(.text)
    RCC_APB1PeriphClockCmd                   0x0800057f   Thumb Code    20  stm32f4xx_rcc.o(.text)
    RCC_APB2PeriphClockCmd                   0x08000593   Thumb Code    20  stm32f4xx_rcc.o(.text)
    RCC_AHB1PeriphResetCmd                   0x080005a7   Thumb Code    20  stm32f4xx_rcc.o(.text)
    RCC_AHB2PeriphResetCmd                   0x080005bb   Thumb Code    20  stm32f4xx_rcc.o(.text)
    RCC_AHB3PeriphResetCmd                   0x080005cf   Thumb Code    20  stm32f4xx_rcc.o(.text)
    RCC_APB1PeriphResetCmd                   0x080005e3   Thumb Code    20  stm32f4xx_rcc.o(.text)
    RCC_APB2PeriphResetCmd                   0x080005f7   Thumb Code    20  stm32f4xx_rcc.o(.text)
    RCC_AHB1PeriphClockLPModeCmd             0x0800060b   Thumb Code    20  stm32f4xx_rcc.o(.text)
    RCC_AHB2PeriphClockLPModeCmd             0x0800061f   Thumb Code    20  stm32f4xx_rcc.o(.text)
    RCC_AHB3PeriphClockLPModeCmd             0x08000633   Thumb Code    20  stm32f4xx_rcc.o(.text)
    RCC_APB1PeriphClockLPModeCmd             0x08000647   Thumb Code    64  stm32f4xx_rcc.o(.text)
    RCC_APB2PeriphClockLPModeCmd             0x08000687   Thumb Code    18  stm32f4xx_rcc.o(.text)
    RCC_LSEModeConfig                        0x08000699   Thumb Code    24  stm32f4xx_rcc.o(.text)
    RCC_ITConfig                             0x080006b1   Thumb Code    20  stm32f4xx_rcc.o(.text)
    RCC_ClearFlag                            0x080006c5   Thumb Code    14  stm32f4xx_rcc.o(.text)
    RCC_GetITStatus                          0x080006d3   Thumb Code    18  stm32f4xx_rcc.o(.text)
    RCC_ClearITPendingBit                    0x080006e5   Thumb Code     8  stm32f4xx_rcc.o(.text)
    GPIO_DeInit                              0x080006f1   Thumb Code   216  stm32f4xx_gpio.o(.text)
    GPIO_Init                                0x080007c9   Thumb Code   120  stm32f4xx_gpio.o(.text)
    GPIO_StructInit                          0x08000841   Thumb Code    18  stm32f4xx_gpio.o(.text)
    GPIO_PinLockConfig                       0x08000853   Thumb Code    24  stm32f4xx_gpio.o(.text)
    GPIO_ReadInputDataBit                    0x0800086b   Thumb Code    14  stm32f4xx_gpio.o(.text)
    GPIO_ReadInputData                       0x08000879   Thumb Code     6  stm32f4xx_gpio.o(.text)
    GPIO_ReadOutputDataBit                   0x0800087f   Thumb Code    14  stm32f4xx_gpio.o(.text)
    GPIO_ReadOutputData                      0x0800088d   Thumb Code     6  stm32f4xx_gpio.o(.text)
    GPIO_SetBits                             0x08000893   Thumb Code     4  stm32f4xx_gpio.o(.text)
    GPIO_ResetBits                           0x08000897   Thumb Code     4  stm32f4xx_gpio.o(.text)
    GPIO_WriteBit                            0x0800089b   Thumb Code    10  stm32f4xx_gpio.o(.text)
    GPIO_Write                               0x080008a5   Thumb Code     4  stm32f4xx_gpio.o(.text)
    GPIO_ToggleBits                          0x080008a9   Thumb Code     8  stm32f4xx_gpio.o(.text)
    GPIO_PinAFConfig                         0x080008b1   Thumb Code    32  stm32f4xx_gpio.o(.text)
    TIM_DeInit                               0x080008fd   Thumb Code   284  stm32f4xx_tim.o(.text)
    TIM_TimeBaseInit                         0x08000a19   Thumb Code    96  stm32f4xx_tim.o(.text)
    TIM_TimeBaseStructInit                   0x08000a79   Thumb Code    18  stm32f4xx_tim.o(.text)
    TIM_PrescalerConfig                      0x08000a8b   Thumb Code     6  stm32f4xx_tim.o(.text)
    TIM_CounterModeConfig                    0x08000a91   Thumb Code    12  stm32f4xx_tim.o(.text)
    TIM_SetCounter                           0x08000a9d   Thumb Code     4  stm32f4xx_tim.o(.text)
    TIM_SetAutoreload                        0x08000aa1   Thumb Code     4  stm32f4xx_tim.o(.text)
    TIM_GetCounter                           0x08000aa5   Thumb Code     4  stm32f4xx_tim.o(.text)
    TIM_GetPrescaler                         0x08000aa9   Thumb Code     4  stm32f4xx_tim.o(.text)
    TIM_UpdateDisableConfig                  0x08000aad   Thumb Code    20  stm32f4xx_tim.o(.text)
    TIM_UpdateRequestConfig                  0x08000ac1   Thumb Code    20  stm32f4xx_tim.o(.text)
    TIM_ARRPreloadConfig                     0x08000ad5   Thumb Code    20  stm32f4xx_tim.o(.text)
    TIM_SelectOnePulseMode                   0x08000ae9   Thumb Code    16  stm32f4xx_tim.o(.text)
    TIM_SetClockDivision                     0x08000af9   Thumb Code    16  stm32f4xx_tim.o(.text)
    TIM_Cmd                                  0x08000b09   Thumb Code    20  stm32f4xx_tim.o(.text)
    TIM_OC1Init                              0x08000b1d   Thumb Code    88  stm32f4xx_tim.o(.text)
    TIM_OC2Init                              0x08000b75   Thumb Code   120  stm32f4xx_tim.o(.text)
    TIM_OC3Init                              0x08000bed   Thumb Code   116  stm32f4xx_tim.o(.text)
    TIM_OC4Init                              0x08000c61   Thumb Code    88  stm32f4xx_tim.o(.text)
    TIM_OCStructInit                         0x08000cb9   Thumb Code    20  stm32f4xx_tim.o(.text)
    TIM_SelectOCxM                           0x08000ccd   Thumb Code   130  stm32f4xx_tim.o(.text)
    TIM_SetCompare1                          0x08000d4f   Thumb Code     4  stm32f4xx_tim.o(.text)
    TIM_SetCompare2                          0x08000d53   Thumb Code     4  stm32f4xx_tim.o(.text)
    TIM_SetCompare3                          0x08000d57   Thumb Code     4  stm32f4xx_tim.o(.text)
    TIM_SetCompare4                          0x08000d5b   Thumb Code     4  stm32f4xx_tim.o(.text)
    TIM_ForcedOC1Config                      0x08000d5f   Thumb Code    12  stm32f4xx_tim.o(.text)
    TIM_ForcedOC2Config                      0x08000d6b   Thumb Code    20  stm32f4xx_tim.o(.text)
    TIM_ForcedOC3Config                      0x08000d7f   Thumb Code    12  stm32f4xx_tim.o(.text)
    TIM_ForcedOC4Config                      0x08000d8b   Thumb Code    20  stm32f4xx_tim.o(.text)
    TIM_OC1PreloadConfig                     0x08000d9f   Thumb Code    12  stm32f4xx_tim.o(.text)
    TIM_OC2PreloadConfig                     0x08000dab   Thumb Code    20  stm32f4xx_tim.o(.text)
    TIM_OC3PreloadConfig                     0x08000dbf   Thumb Code    12  stm32f4xx_tim.o(.text)
    TIM_OC4PreloadConfig                     0x08000dcb   Thumb Code    20  stm32f4xx_tim.o(.text)
    TIM_OC1FastConfig                        0x08000ddf   Thumb Code    12  stm32f4xx_tim.o(.text)
    TIM_OC2FastConfig                        0x08000deb   Thumb Code    20  stm32f4xx_tim.o(.text)
    TIM_OC3FastConfig                        0x08000dff   Thumb Code    12  stm32f4xx_tim.o(.text)
    TIM_OC4FastConfig                        0x08000e0b   Thumb Code    20  stm32f4xx_tim.o(.text)
    TIM_ClearOC1Ref                          0x08000e1f   Thumb Code    12  stm32f4xx_tim.o(.text)
    TIM_ClearOC2Ref                          0x08000e2b   Thumb Code    20  stm32f4xx_tim.o(.text)
    TIM_ClearOC3Ref                          0x08000e3f   Thumb Code    12  stm32f4xx_tim.o(.text)
    TIM_ClearOC4Ref                          0x08000e4b   Thumb Code    20  stm32f4xx_tim.o(.text)
    TIM_OC1PolarityConfig                    0x08000e5f   Thumb Code    12  stm32f4xx_tim.o(.text)
    TIM_OC1NPolarityConfig                   0x08000e6b   Thumb Code    12  stm32f4xx_tim.o(.text)
    TIM_OC2PolarityConfig                    0x08000e77   Thumb Code    20  stm32f4xx_tim.o(.text)
    TIM_OC2NPolarityConfig                   0x08000e8b   Thumb Code    20  stm32f4xx_tim.o(.text)
    TIM_OC3PolarityConfig                    0x08000e9f   Thumb Code    20  stm32f4xx_tim.o(.text)
    TIM_OC3NPolarityConfig                   0x08000eb3   Thumb Code    20  stm32f4xx_tim.o(.text)
    TIM_OC4PolarityConfig                    0x08000ec7   Thumb Code    20  stm32f4xx_tim.o(.text)
    TIM_CCxCmd                               0x08000edb   Thumb Code    22  stm32f4xx_tim.o(.text)
    TIM_CCxNCmd                              0x08000ef1   Thumb Code    22  stm32f4xx_tim.o(.text)
    TIM_SetIC4Prescaler                      0x08000f07   Thumb Code    24  stm32f4xx_tim.o(.text)
    TIM_SetIC3Prescaler                      0x08000f1f   Thumb Code    16  stm32f4xx_tim.o(.text)
    TIM_SetIC2Prescaler                      0x08000f2f   Thumb Code    24  stm32f4xx_tim.o(.text)
    TIM_SetIC1Prescaler                      0x08000f7d   Thumb Code    16  stm32f4xx_tim.o(.text)
    TIM_ICInit                               0x08000f8d   Thumb Code   164  stm32f4xx_tim.o(.text)
    TIM_ICStructInit                         0x08001031   Thumb Code    16  stm32f4xx_tim.o(.text)
    TIM_PWMIConfig                           0x08001041   Thumb Code   104  stm32f4xx_tim.o(.text)
    TIM_GetCapture1                          0x080010a9   Thumb Code     4  stm32f4xx_tim.o(.text)
    TIM_GetCapture2                          0x080010ad   Thumb Code     4  stm32f4xx_tim.o(.text)
    TIM_GetCapture3                          0x080010b1   Thumb Code     4  stm32f4xx_tim.o(.text)
    TIM_GetCapture4                          0x080010b5   Thumb Code     4  stm32f4xx_tim.o(.text)
    TIM_BDTRConfig                           0x080010b9   Thumb Code    34  stm32f4xx_tim.o(.text)
    TIM_BDTRStructInit                       0x080010db   Thumb Code    18  stm32f4xx_tim.o(.text)
    TIM_CtrlPWMOutputs                       0x080010ed   Thumb Code    22  stm32f4xx_tim.o(.text)
    TIM_SelectCOM                            0x08001103   Thumb Code    20  stm32f4xx_tim.o(.text)
    TIM_CCPreloadControl                     0x08001117   Thumb Code    20  stm32f4xx_tim.o(.text)
    TIM_ITConfig                             0x0800112b   Thumb Code    16  stm32f4xx_tim.o(.text)
    TIM_GenerateEvent                        0x0800113b   Thumb Code     4  stm32f4xx_tim.o(.text)
    TIM_GetFlagStatus                        0x0800113f   Thumb Code    14  stm32f4xx_tim.o(.text)
    TIM_ClearFlag                            0x0800114d   Thumb Code     6  stm32f4xx_tim.o(.text)
    TIM_GetITStatus                          0x08001153   Thumb Code    24  stm32f4xx_tim.o(.text)
    TIM_ClearITPendingBit                    0x0800116b   Thumb Code     6  stm32f4xx_tim.o(.text)
    TIM_DMAConfig                            0x08001171   Thumb Code     8  stm32f4xx_tim.o(.text)
    TIM_DMACmd                               0x08001179   Thumb Code    16  stm32f4xx_tim.o(.text)
    TIM_SelectCCDMA                          0x08001189   Thumb Code    20  stm32f4xx_tim.o(.text)
    TIM_InternalClockConfig                  0x0800119d   Thumb Code    10  stm32f4xx_tim.o(.text)
    TIM_SelectInputTrigger                   0x080011a7   Thumb Code    12  stm32f4xx_tim.o(.text)
    TIM_ITRxExternalClockConfig              0x080011b3   Thumb Code    18  stm32f4xx_tim.o(.text)
    TIM_TIxExternalClockConfig               0x080011c5   Thumb Code    46  stm32f4xx_tim.o(.text)
    TIM_ETRConfig                            0x080011f3   Thumb Code    24  stm32f4xx_tim.o(.text)
    TIM_ETRClockMode1Config                  0x0800120b   Thumb Code    18  stm32f4xx_tim.o(.text)
    TIM_ETRClockMode2Config                  0x0800121d   Thumb Code    18  stm32f4xx_tim.o(.text)
    TIM_SelectOutputTrigger                  0x0800122f   Thumb Code    16  stm32f4xx_tim.o(.text)
    TIM_SelectSlaveMode                      0x0800123f   Thumb Code    16  stm32f4xx_tim.o(.text)
    TIM_SelectMasterSlaveMode                0x0800124f   Thumb Code    16  stm32f4xx_tim.o(.text)
    TIM_EncoderInterfaceConfig               0x0800125f   Thumb Code    50  stm32f4xx_tim.o(.text)
    TIM_SelectHallSensor                     0x08001291   Thumb Code    20  stm32f4xx_tim.o(.text)
    TIM_RemapConfig                          0x080012a5   Thumb Code     6  stm32f4xx_tim.o(.text)
    _init_leds                               0x080012d9   Thumb Code    48  ess_helper.o(.text)
    _init_button                             0x08001309   Thumb Code    44  ess_helper.o(.text)
    ess_helper_init                          0x08001335   Thumb Code    12  ess_helper.o(.text)
    led_init                                 0x08001349   Thumb Code    16  led_driver.o(.text)
    led_on                                   0x08001359   Thumb Code    12  led_driver.o(.text)
    led_off                                  0x08001365   Thumb Code    12  led_driver.o(.text)
    pwm_driver_init                          0x08001371   Thumb Code    56  pwm_driver.o(.text)
    pwm_driver_set                           0x080013a9   Thumb Code    10  pwm_driver.o(.text)
    pwm_driver_update                        0x080013b3   Thumb Code   102  pwm_driver.o(.text)
    pwm_driver2_init                         0x08001419   Thumb Code    74  pwm_driver.o(.text)
    pwm_driver2_set                          0x08001463   Thumb Code    12  pwm_driver.o(.text)
    pwm_driver2_update                       0x0800146f   Thumb Code   110  pwm_driver.o(.text)
    ADC_DeInit                               0x0800151d   Thumb Code    24  hw_helper.o(.text)
    ADC_Init                                 0x08001535   Thumb Code    66  hw_helper.o(.text)
    ADC_StructInit                           0x08001577   Thumb Code    20  hw_helper.o(.text)
    ADC_CommonInit                           0x0800158b   Thumb Code    34  hw_helper.o(.text)
    ADC_CommonStructInit                     0x080015ad   Thumb Code    12  hw_helper.o(.text)
    ADC_Cmd                                  0x080015b9   Thumb Code    20  hw_helper.o(.text)
    ADC_AnalogWatchdogCmd                    0x080015cd   Thumb Code    12  hw_helper.o(.text)
    ADC_AnalogWatchdogThresholdsConfig       0x080015d9   Thumb Code     6  hw_helper.o(.text)
    ADC_AnalogWatchdogSingleChannelConfig    0x080015df   Thumb Code    12  hw_helper.o(.text)
    ADC_TempSensorVrefintCmd                 0x080015eb   Thumb Code    26  hw_helper.o(.text)
    ADC_VBATCmd                              0x08001605   Thumb Code    26  hw_helper.o(.text)
    ADC_RegularChannelConfig                 0x0800161f   Thumb Code   116  hw_helper.o(.text)
    ADC_SoftwareStartConv                    0x08001693   Thumb Code    10  hw_helper.o(.text)
    ADC_GetSoftwareStartConvStatus           0x0800169d   Thumb Code    14  hw_helper.o(.text)
    ADC_EOCOnEachRegularChannelCmd           0x080016ab   Thumb Code    20  hw_helper.o(.text)
    ADC_ContinuousModeCmd                    0x080016bf   Thumb Code    20  hw_helper.o(.text)
    ADC_DiscModeChannelCountConfig           0x080016d3   Thumb Code    16  hw_helper.o(.text)
    ADC_DiscModeCmd                          0x080016e3   Thumb Code    20  hw_helper.o(.text)
    ADC_GetConversionValue                   0x080016f7   Thumb Code     6  hw_helper.o(.text)
    ADC_GetMultiModeConversionValue          0x080016fd   Thumb Code     8  hw_helper.o(.text)
    ADC_DMACmd                               0x08001705   Thumb Code    20  hw_helper.o(.text)
    ADC_DMARequestAfterLastTransferCmd       0x08001719   Thumb Code    20  hw_helper.o(.text)
    ADC_MultiModeDMARequestAfterLastTransferCmd 0x0800172d   Thumb Code    26  hw_helper.o(.text)
    ADC_InjectedChannelConfig                0x08001747   Thumb Code    74  hw_helper.o(.text)
    ADC_InjectedSequencerLengthConfig        0x08001791   Thumb Code    16  hw_helper.o(.text)
    ADC_SetInjectedOffset                    0x080017a1   Thumb Code    10  hw_helper.o(.text)
    ADC_ExternalTrigInjectedConvConfig       0x080017ab   Thumb Code    12  hw_helper.o(.text)
    ADC_ExternalTrigInjectedConvEdgeConfig   0x080017b7   Thumb Code    12  hw_helper.o(.text)
    ADC_SoftwareStartInjectedConv            0x080017c3   Thumb Code    10  hw_helper.o(.text)
    ADC_GetSoftwareStartInjectedConvCmdStatus 0x080017cd   Thumb Code    14  hw_helper.o(.text)
    ADC_AutoInjectedConvCmd                  0x080017db   Thumb Code    20  hw_helper.o(.text)
    ADC_InjectedDiscModeCmd                  0x080017ef   Thumb Code    20  hw_helper.o(.text)
    ADC_GetInjectedConversionValue           0x08001803   Thumb Code    14  hw_helper.o(.text)
    ADC_ITConfig                             0x08001811   Thumb Code    18  hw_helper.o(.text)
    ADC_GetFlagStatus                        0x08001823   Thumb Code    14  hw_helper.o(.text)
    ADC_ClearFlag                            0x08001831   Thumb Code     6  hw_helper.o(.text)
    ADC_GetITStatus                          0x08001837   Thumb Code    30  hw_helper.o(.text)
    ADC_ClearITPendingBit                    0x08001855   Thumb Code     8  hw_helper.o(.text)
    TMR_SW_DelayUSec                         0x0800185d   Thumb Code    26  hw_helper.o(.text)
    TMR_SW_DelayMSec                         0x08001877   Thumb Code    24  hw_helper.o(.text)
    TMR4_WaitForExpiry                       0x0800188f   Thumb Code    28  hw_helper.o(.text)
    TMR_HW_DelayUSec                         0x080018ab   Thumb Code    24  hw_helper.o(.text)
    TMR_HW_DelayMSec                         0x080018c3   Thumb Code    30  hw_helper.o(.text)
    TMR4_Init                                0x080018e1   Thumb Code    84  hw_helper.o(.text)
    TMR_GetPrescalerAndPeriod                0x08001935   Thumb Code    90  hw_helper.o(.text)
    TMR4_InitResolutionUsec                  0x0800198f   Thumb Code    30  hw_helper.o(.text)
    TMR_Init_ISR                             0x080019ad   Thumb Code   154  hw_helper.o(.text)
    TMR_Init_ISR_ResolutionUsec              0x08001a47   Thumb Code    44  hw_helper.o(.text)
    TIM4_IRQHandler                          0x08001a73   Thumb Code    40  hw_helper.o(.text)
    TIM3_IRQHandler                          0x08001a9b   Thumb Code    40  hw_helper.o(.text)
    itm_debug                                0x08001ac3   Thumb Code    32  hw_helper.o(.text)
    fputc                                    0x08001ae3   Thumb Code     2  hw_helper.o(.text)
    TEMP_Enable                              0x08001ae5   Thumb Code    98  hw_helper.o(.text)
    TEMP_Read                                0x08001b47   Thumb Code    30  hw_helper.o(.text)
    TEMP_ValueToDeg                          0x08001b65   Thumb Code    38  hw_helper.o(.text)
    PWM2_UpdateLedDisplay                    0x08001bb5   Thumb Code   120  lab3.o(.text)
    PWM2_UpdateLedDisplay_VS32               0x08001c2d   Thumb Code    28  lab3.o(.text)
    lab3_task_1_a                            0x08001c49   Thumb Code    42  lab3.o(.text)
    lab3_task_1_bcde                         0x08001c73   Thumb Code    72  lab3.o(.text)
    lab3_task_1_i                            0x08001cbb   Thumb Code    74  lab3.o(.text)
    lab3_task_1_j                            0x08001d05   Thumb Code    90  lab3.o(.text)
    object_state_init                        0x08001d5f   Thumb Code     6  lab3.o(.text)
    object_tracer_init                       0x08001d65   Thumb Code    10  lab3.o(.text)
    object_tracer_get_tilt                   0x08001d9d   Thumb Code    16  lab3.o(.text)
    object_tracer_update                     0x08001dad   Thumb Code   406  lab3.o(.text)
    ObjectStateLogger                        0x08001f43   Thumb Code    80  lab3.o(.text)
    lab3_task_2_abc                          0x08001f93   Thumb Code   140  lab3.o(.text)
    lab3_task_3                              0x0800201f   Thumb Code   164  lab3.o(.text)
    execute_lab3                             0x080020c3   Thumb Code     4  lab3.o(.text)
    SPI_I2S_DeInit                           0x08002101   Thumb Code   108  spi_driver.o(.text)
    SPI_Init                                 0x0800216d   Thumb Code    56  spi_driver.o(.text)
    I2S_Init                                 0x080021a5   Thumb Code   198  spi_driver.o(.text)
    SPI_StructInit                           0x0800226b   Thumb Code    24  spi_driver.o(.text)
    I2S_StructInit                           0x08002283   Thumb Code    18  spi_driver.o(.text)
    SPI_Cmd                                  0x08002295   Thumb Code    20  spi_driver.o(.text)
    I2S_Cmd                                  0x080022a9   Thumb Code    20  spi_driver.o(.text)
    SPI_DataSizeConfig                       0x080022bd   Thumb Code    16  spi_driver.o(.text)
    SPI_BiDirectionalLineConfig              0x080022cd   Thumb Code    22  spi_driver.o(.text)
    SPI_NSSInternalSoftwareConfig            0x080022e3   Thumb Code    24  spi_driver.o(.text)
    SPI_SSOutputCmd                          0x080022fb   Thumb Code    20  spi_driver.o(.text)
    SPI_TIModeCmd                            0x0800230f   Thumb Code    20  spi_driver.o(.text)
    I2S_FullDuplexConfig                     0x08002323   Thumb Code    58  spi_driver.o(.text)
    SPI_I2S_ReceiveData                      0x0800235d   Thumb Code     4  spi_driver.o(.text)
    SPI_I2S_SendData                         0x08002361   Thumb Code     4  spi_driver.o(.text)
    SPI_CalculateCRC                         0x08002365   Thumb Code    20  spi_driver.o(.text)
    SPI_TransmitCRC                          0x08002379   Thumb Code    10  spi_driver.o(.text)
    SPI_GetCRC                               0x08002383   Thumb Code    12  spi_driver.o(.text)
    SPI_GetCRCPolynomial                     0x0800238f   Thumb Code     4  spi_driver.o(.text)
    SPI_I2S_DMACmd                           0x08002393   Thumb Code    16  spi_driver.o(.text)
    SPI_I2S_ITConfig                         0x080023a3   Thumb Code    24  spi_driver.o(.text)
    SPI_I2S_GetFlagStatus                    0x080023bb   Thumb Code    14  spi_driver.o(.text)
    SPI_I2S_ClearFlag                        0x080023c9   Thumb Code     6  spi_driver.o(.text)
    SPI_I2S_GetITStatus                      0x080023cf   Thumb Code    44  spi_driver.o(.text)
    SPI_I2S_ClearITPendingBit                0x080023fb   Thumb Code    14  spi_driver.o(.text)
    SPIAcc_Init                              0x08002409   Thumb Code   188  spi_driver.o(.text)
    SPIAcc_SendByte                          0x080024c5   Thumb Code   132  spi_driver.o(.text)
    SPIAcc_GetByte                           0x08002549   Thumb Code    94  spi_driver.o(.text)
    acc_read                                 0x080025b1   Thumb Code    36  acc_driver.o(.text)
    acc_init                                 0x080025eb   Thumb Code    42  acc_driver.o(.text)
    acc_read_async                           0x08002615   Thumb Code    28  acc_driver.o(.text)
    acc_fifo_get_wpos                        0x08002631   Thumb Code     4  acc_driver.o(.text)
    acc_fifo_push                            0x08002635   Thumb Code    34  acc_driver.o(.text)
    acc_fifo_clear                           0x08002657   Thumb Code     6  acc_driver.o(.text)
    acc_read_buffer_async                    0x0800265d   Thumb Code    36  acc_driver.o(.text)
    acc_fifo_init                            0x08002681   Thumb Code    16  acc_driver.o(.text)
    acc_fifo_get_last                        0x08002691   Thumb Code    40  acc_driver.o(.text)
    acc_fifo_get_average                     0x080026b9   Thumb Code   122  acc_driver.o(.text)
    acc_fifo_merge                           0x08002733   Thumb Code    80  acc_driver.o(.text)
    execute_lab                              0x080027a9   Thumb Code     4  main.o(.text)
    main                                     0x080027ad   Thumb Code    18  main.o(.text)
    NMI_Handler                              0x080027bf   Thumb Code     2  stm32f4xx_it.o(.text)
    HardFault_Handler                        0x080027c1   Thumb Code     2  stm32f4xx_it.o(.text)
    MemManage_Handler                        0x080027c3   Thumb Code     2  stm32f4xx_it.o(.text)
    BusFault_Handler                         0x080027c5   Thumb Code     2  stm32f4xx_it.o(.text)
    UsageFault_Handler                       0x080027c7   Thumb Code     2  stm32f4xx_it.o(.text)
    SVC_Handler                              0x080027c9   Thumb Code     2  stm32f4xx_it.o(.text)
    DebugMon_Handler                         0x080027cb   Thumb Code     2  stm32f4xx_it.o(.text)
    PendSV_Handler                           0x080027cd   Thumb Code     2  stm32f4xx_it.o(.text)
    TimingDelay_Decrement                    0x080027cf   Thumb Code     2  stm32f4xx_it.o(.text)
    SysTick_Handler                          0x080027d1   Thumb Code     8  stm32f4xx_it.o(.text)
    SystemInit                               0x0800287b   Thumb Code    74  system_stm32f4xx.o(.text)
    SystemCoreClockUpdate                    0x080028c5   Thumb Code   108  system_stm32f4xx.o(.text)
    __aeabi_uldivmod                         0x08002955   Thumb Code    98  uldiv.o(.text)
    __aeabi_ldivmod                          0x080029b7   Thumb Code    98  ldiv.o(.text)
    __aeabi_memset                           0x08002a19   Thumb Code    14  memseta.o(.text)
    __aeabi_memset4                          0x08002a19   Thumb Code     0  memseta.o(.text)
    __aeabi_memset8                          0x08002a19   Thumb Code     0  memseta.o(.text)
    __aeabi_memclr                           0x08002a27   Thumb Code     4  memseta.o(.text)
    __aeabi_memclr4                          0x08002a27   Thumb Code     0  memseta.o(.text)
    __aeabi_memclr8                          0x08002a27   Thumb Code     0  memseta.o(.text)
    _memset$wrapper                          0x08002a2b   Thumb Code    18  memseta.o(.text)
    __aeabi_f2d                              0x08002a3d   Thumb Code    38  f2d.o(.text)
    __aeabi_uidiv                            0x08002a63   Thumb Code     0  uidiv.o(.text)
    __aeabi_uidivmod                         0x08002a63   Thumb Code    44  uidiv.o(.text)
    __aeabi_llsl                             0x08002a8f   Thumb Code    30  llshl.o(.text)
    _ll_shift_l                              0x08002a8f   Thumb Code     0  llshl.o(.text)
    __aeabi_llsr                             0x08002aad   Thumb Code    32  llushr.o(.text)
    _ll_ushift_r                             0x08002aad   Thumb Code     0  llushr.o(.text)
    __I$use$fp                               0x08002acd   Thumb Code     0  iusefp.o(.text)
    __aeabi_dadd                             0x08002acd   Thumb Code   322  dadd.o(.text)
    __aeabi_dsub                             0x08002c0f   Thumb Code     6  dadd.o(.text)
    __aeabi_drsub                            0x08002c15   Thumb Code     6  dadd.o(.text)
    __aeabi_dmul                             0x08002c1b   Thumb Code   228  dmul.o(.text)
    __aeabi_ddiv                             0x08002cff   Thumb Code   222  ddiv.o(.text)
    __aeabi_d2ulz                            0x08002ddd   Thumb Code    48  dfixul.o(.text)
    __aeabi_cdrcmple                         0x08002e0d   Thumb Code    48  cdrcmple.o(.text)
    __scatterload                            0x08002e3d   Thumb Code    28  init.o(.text)
    __scatterload_rt2                        0x08002e3d   Thumb Code     0  init.o(.text)
    __aeabi_lasr                             0x08002e61   Thumb Code    36  llsshr.o(.text)
    _ll_sshift_r                             0x08002e61   Thumb Code     0  llsshr.o(.text)
    _double_round                            0x08002e85   Thumb Code    30  depilogue.o(.text)
    _double_epilogue                         0x08002ea3   Thumb Code   156  depilogue.o(.text)
    __0printf                                0x08002f41   Thumb Code    22  printfa.o(i.__0printf)
    __1printf                                0x08002f41   Thumb Code     0  printfa.o(i.__0printf)
    __2printf                                0x08002f41   Thumb Code     0  printfa.o(i.__0printf)
    __c89printf                              0x08002f41   Thumb Code     0  printfa.o(i.__0printf)
    printf                                   0x08002f41   Thumb Code     0  printfa.o(i.__0printf)
    __scatterload_copy                       0x08002f61   Thumb Code    14  handlers.o(i.__scatterload_copy)
    __scatterload_null                       0x08002f6f   Thumb Code     2  handlers.o(i.__scatterload_null)
    __scatterload_zeroinit                   0x08002f71   Thumb Code    14  handlers.o(i.__scatterload_zeroinit)
    Region$$Table$$Base                      0x08003888   Number         0  anon$$obj.o(Region$$Table)
    Region$$Table$$Limit                     0x080038a8   Number         0  anon$$obj.o(Region$$Table)
    SystemCoreClock                          0x2000001c   Data           4  system_stm32f4xx.o(.data)
    AHBPrescTable                            0x20000020   Data          16  system_stm32f4xx.o(.data)
    __stdout                                 0x20000030   Data           4  stdout.o(.data)
    __initial_sp                             0x200004a0   Data           0  startup_stm32f40_41xxx.o(STACK)



==============================================================================

Memory Map of the image

  Image Entry point : 0x08000189

  Load Region LR_IROM1 (Base: 0x08000000, Size: 0x000038dc, Max: 0x00100000, ABSOLUTE)

    Execution Region ER_IROM1 (Exec base: 0x08000000, Load base: 0x08000000, Size: 0x000038a8, Max: 0x00100000, ABSOLUTE)

    Exec Addr    Load Addr    Size         Type   Attr      Idx    E Section Name        Object

    0x08000000   0x08000000   0x00000188   Data   RO            3    RESET               startup_stm32f40_41xxx.o
    0x08000188   0x08000188   0x00000000   Code   RO          554  * .ARM.Collect$$$$00000000  mc_w.l(entry.o)
    0x08000188   0x08000188   0x00000004   Code   RO          826    .ARM.Collect$$$$00000001  mc_w.l(entry2.o)
    0x0800018c   0x0800018c   0x00000004   Code   RO          829    .ARM.Collect$$$$00000004  mc_w.l(entry5.o)
    0x08000190   0x08000190   0x00000000   Code   RO          831    .ARM.Collect$$$$00000008  mc_w.l(entry7b.o)
    0x08000190   0x08000190   0x00000000   Code   RO          833    .ARM.Collect$$$$0000000A  mc_w.l(entry8b.o)
    0x08000190   0x08000190   0x00000008   Code   RO          834    .ARM.Collect$$$$0000000B  mc_w.l(entry9a.o)
    0x08000198   0x08000198   0x00000000   Code   RO          836    .ARM.Collect$$$$0000000D  mc_w.l(entry10a.o)
    0x08000198   0x08000198   0x00000000   Code   RO          838    .ARM.Collect$$$$0000000F  mc_w.l(entry11a.o)
    0x08000198   0x08000198   0x00000004   Code   RO          827    .ARM.Collect$$$$00002712  mc_w.l(entry2.o)
    0x0800019c   0x0800019c   0x00000024   Code   RO            4    .text               startup_stm32f40_41xxx.o
    0x080001c0   0x080001c0   0x000000b0   Code   RO           13    .text               misc.o
    0x08000270   0x08000270   0x00000480   Code   RO          142    .text               stm32f4xx_rcc.o
    0x080006f0   0x080006f0   0x0000020c   Code   RO          168    .text               stm32f4xx_gpio.o
    0x080008fc   0x080008fc   0x000009dc   Code   RO          192    .text               stm32f4xx_tim.o
    0x080012d8   0x080012d8   0x00000070   Code   RO          217    .text               ess_helper.o
    0x08001348   0x08001348   0x00000028   Code   RO          242    .text               led_driver.o
    0x08001370   0x08001370   0x000001ac   Code   RO          276    .text               pwm_driver.o
    0x0800151c   0x0800151c   0x00000698   Code   RO          296    .text               hw_helper.o
    0x08001bb4   0x08001bb4   0x0000054c   Code   RO          369    .text               lab3.o
    0x08002100   0x08002100   0x000004b0   Code   RO          420    .text               spi_driver.o
    0x080025b0   0x080025b0   0x000001f8   Code   RO          445    .text               acc_driver.o
    0x080027a8   0x080027a8   0x00000016   Code   RO          472    .text               main.o
    0x080027be   0x080027be   0x0000001a   Code   RO          500    .text               stm32f4xx_it.o
    0x080027d8   0x080027d8   0x0000017c   Code   RO          527    .text               system_stm32f4xx.o
    0x08002954   0x08002954   0x00000062   Code   RO          557    .text               mc_w.l(uldiv.o)
    0x080029b6   0x080029b6   0x00000062   Code   RO          559    .text               mc_w.l(ldiv.o)
    0x08002a18   0x08002a18   0x00000024   Code   RO          561    .text               mc_w.l(memseta.o)
    0x08002a3c   0x08002a3c   0x00000026   Code   RO          824    .text               mf_w.l(f2d.o)
    0x08002a62   0x08002a62   0x0000002c   Code   RO          841    .text               mc_w.l(uidiv.o)
    0x08002a8e   0x08002a8e   0x0000001e   Code   RO          843    .text               mc_w.l(llshl.o)
    0x08002aac   0x08002aac   0x00000020   Code   RO          845    .text               mc_w.l(llushr.o)
    0x08002acc   0x08002acc   0x00000000   Code   RO          847    .text               mc_w.l(iusefp.o)
    0x08002acc   0x08002acc   0x0000014e   Code   RO          848    .text               mf_w.l(dadd.o)
    0x08002c1a   0x08002c1a   0x000000e4   Code   RO          850    .text               mf_w.l(dmul.o)
    0x08002cfe   0x08002cfe   0x000000de   Code   RO          852    .text               mf_w.l(ddiv.o)
    0x08002ddc   0x08002ddc   0x00000030   Code   RO          854    .text               mf_w.l(dfixul.o)
    0x08002e0c   0x08002e0c   0x00000030   Code   RO          856    .text               mf_w.l(cdrcmple.o)
    0x08002e3c   0x08002e3c   0x00000024   Code   RO          858    .text               mc_w.l(init.o)
    0x08002e60   0x08002e60   0x00000024   Code   RO          860    .text               mc_w.l(llsshr.o)
    0x08002e84   0x08002e84   0x000000ba   Code   RO          862    .text               mf_w.l(depilogue.o)
    0x08002f3e   0x08002f3e   0x00000002   PAD
    0x08002f40   0x08002f40   0x00000020   Code   RO          796    i.__0printf         mc_w.l(printfa.o)
    0x08002f60   0x08002f60   0x0000000e   Code   RO          866    i.__scatterload_copy  mc_w.l(handlers.o)
    0x08002f6e   0x08002f6e   0x00000002   Code   RO          867    i.__scatterload_null  mc_w.l(handlers.o)
    0x08002f70   0x08002f70   0x0000000e   Code   RO          868    i.__scatterload_zeroinit  mc_w.l(handlers.o)
    0x08002f7e   0x08002f7e   0x00000002   PAD
    0x08002f80   0x08002f80   0x00000184   Code   RO          803    i._fp_digits        mc_w.l(printfa.o)
    0x08003104   0x08003104   0x000006dc   Code   RO          804    i._printf_core      mc_w.l(printfa.o)
    0x080037e0   0x080037e0   0x00000024   Code   RO          805    i._printf_post_padding  mc_w.l(printfa.o)
    0x08003804   0x08003804   0x0000002e   Code   RO          806    i._printf_pre_padding  mc_w.l(printfa.o)
    0x08003832   0x08003832   0x00000002   PAD
    0x08003834   0x08003834   0x00000052   Data   RO          370    .conststring        lab3.o
    0x08003886   0x08003886   0x00000002   PAD
    0x08003888   0x08003888   0x00000020   Data   RO          864    Region$$Table       anon$$obj.o


    Execution Region RW_IRAM1 (Exec base: 0x20000000, Load base: 0x080038a8, Size: 0x000004a0, Max: 0x00020000, ABSOLUTE)

    Exec Addr    Load Addr    Size         Type   Attr      Idx    E Section Name        Object

    0x20000000   0x080038a8   0x00000010   Data   RW          143    .data               stm32f4xx_rcc.o
    0x20000010   0x080038b8   0x00000004   Data   RW          298    .data               hw_helper.o
    0x20000014   0x080038bc   0x00000008   Data   RW          446    .data               acc_driver.o
    0x2000001c   0x080038c4   0x00000014   Data   RW          528    .data               system_stm32f4xx.o
    0x20000030   0x080038d8   0x00000004   Data   RW          840    .data               mc_w.l(stdout.o)
    0x20000034        -       0x00000058   Zero   RW          277    .bss                pwm_driver.o
    0x2000008c        -       0x00000014   Zero   RW          297    .bss                hw_helper.o
    0x200000a0        -       0x00000400   Zero   RW            1    STACK               startup_stm32f40_41xxx.o


==============================================================================

Image component sizes


      Code (inc. data)   RO Data    RW Data    ZI Data      Debug   Object Name

       504         14          0          8          0       6738   acc_driver.o
       112          8          0          0          0       1636   ess_helper.o
      1688         72          0          4         20      47267   hw_helper.o
      1356         34         82          0          0       7644   lab3.o
        40          0          0          0          0       1870   led_driver.o
        22          0          0          0          0       1049   main.o
       176         12          0          0          0     307817   misc.o
       428         10          0          0         88       3159   pwm_driver.o
      1200         54          0          0          0       9038   spi_driver.o
        36          8        392          0       1024       1060   startup_stm32f40_41xxx.o
       524         44          0          0          0       4885   stm32f4xx_gpio.o
        26          0          0          0          0       1488   stm32f4xx_it.o
      1152         48          0         16          0      13848   stm32f4xx_rcc.o
      2524         52          0          0          0      24406   stm32f4xx_tim.o
       380         36          0         20          0       2039   system_stm32f4xx.o

    ----------------------------------------------------------------------
     10168        392        508         48       1132     433944   Object Totals
         0          0         32          0          0          0   (incl. Generated)
         0          0          2          0          0          0   (incl. Padding)

    ----------------------------------------------------------------------

      Code (inc. data)   RO Data    RW Data    ZI Data      Debug   Library Member Name

         0          0          0          0          0          0   entry.o
         0          0          0          0          0          0   entry10a.o
         0          0          0          0          0          0   entry11a.o
         8          4          0          0          0          0   entry2.o
         4          0          0          0          0          0   entry5.o
         0          0          0          0          0          0   entry7b.o
         0          0          0          0          0          0   entry8b.o
         8          4          0          0          0          0   entry9a.o
        30          0          0          0          0          0   handlers.o
        36          8          0          0          0         68   init.o
         0          0          0          0          0          0   iusefp.o
        98          0          0          0          0         84   ldiv.o
        30          0          0          0          0         68   llshl.o
        36          0          0          0          0         68   llsshr.o
        32          0          0          0          0         68   llushr.o
        36          0          0          0          0        108   memseta.o
      2258         90          0          0          0        452   printfa.o
         0          0          0          4          0          0   stdout.o
        44          0          0          0          0         80   uidiv.o
        98          0          0          0          0         92   uldiv.o
        48          0          0          0          0         68   cdrcmple.o
       334          0          0          0          0        148   dadd.o
       222          0          0          0          0        100   ddiv.o
       186          0          0          0          0        176   depilogue.o
        48          0          0          0          0         68   dfixul.o
       228          0          0          0          0         96   dmul.o
        38          0          0          0          0         68   f2d.o

    ----------------------------------------------------------------------
      3828        106          0          4          0       1812   Library Totals
         6          0          0          0          0          0   (incl. Padding)

    ----------------------------------------------------------------------

      Code (inc. data)   RO Data    RW Data    ZI Data      Debug   Library Name

      2718        106          0          4          0       1088   mc_w.l
      1104          0          0          0          0        724   mf_w.l

    ----------------------------------------------------------------------
      3828        106          0          4          0       1812   Library Totals

    ----------------------------------------------------------------------

==============================================================================


      Code (inc. data)   RO Data    RW Data    ZI Data      Debug   

     13996        498        508         52       1132     431476   Grand Totals
     13996        498        508         52       1132     431476   ELF Image Totals
     13996        498        508         52          0          0   ROM Totals

==============================================================================

    Total RO  Size (Code + RO Data)                14504 (  14.16kB)
    Total RW  Size (RW Data + ZI Data)              1184 (   1.16kB)
    Total ROM Size (Code + RO Data + RW Data)      14556 (  14.21kB)

==============================================================================

